Archive member included to satisfy reference by file (symbol)

d:/mounriver/mounriver_studio/toolchain/risc-v embedded gcc/bin/../lib/gcc/riscv-none-embed/8.2.0/../../../../riscv-none-embed/lib/rv32imafcxw/ilp32f\libm.a(lib_a-sf_sin.o)
                              ./User/main.o (sinf)
d:/mounriver/mounriver_studio/toolchain/risc-v embedded gcc/bin/../lib/gcc/riscv-none-embed/8.2.0/../../../../riscv-none-embed/lib/rv32imafcxw/ilp32f\libm.a(lib_a-ef_rem_pio2.o)
                              d:/mounriver/mounriver_studio/toolchain/risc-v embedded gcc/bin/../lib/gcc/riscv-none-embed/8.2.0/../../../../riscv-none-embed/lib/rv32imafcxw/ilp32f\libm.a(lib_a-sf_sin.o) (__ieee754_rem_pio2f)
d:/mounriver/mounriver_studio/toolchain/risc-v embedded gcc/bin/../lib/gcc/riscv-none-embed/8.2.0/../../../../riscv-none-embed/lib/rv32imafcxw/ilp32f\libm.a(lib_a-kf_cos.o)
                              d:/mounriver/mounriver_studio/toolchain/risc-v embedded gcc/bin/../lib/gcc/riscv-none-embed/8.2.0/../../../../riscv-none-embed/lib/rv32imafcxw/ilp32f\libm.a(lib_a-sf_sin.o) (__kernel_cosf)
d:/mounriver/mounriver_studio/toolchain/risc-v embedded gcc/bin/../lib/gcc/riscv-none-embed/8.2.0/../../../../riscv-none-embed/lib/rv32imafcxw/ilp32f\libm.a(lib_a-kf_rem_pio2.o)
                              d:/mounriver/mounriver_studio/toolchain/risc-v embedded gcc/bin/../lib/gcc/riscv-none-embed/8.2.0/../../../../riscv-none-embed/lib/rv32imafcxw/ilp32f\libm.a(lib_a-ef_rem_pio2.o) (__kernel_rem_pio2f)
d:/mounriver/mounriver_studio/toolchain/risc-v embedded gcc/bin/../lib/gcc/riscv-none-embed/8.2.0/../../../../riscv-none-embed/lib/rv32imafcxw/ilp32f\libm.a(lib_a-kf_sin.o)
                              d:/mounriver/mounriver_studio/toolchain/risc-v embedded gcc/bin/../lib/gcc/riscv-none-embed/8.2.0/../../../../riscv-none-embed/lib/rv32imafcxw/ilp32f\libm.a(lib_a-sf_sin.o) (__kernel_sinf)
d:/mounriver/mounriver_studio/toolchain/risc-v embedded gcc/bin/../lib/gcc/riscv-none-embed/8.2.0/../../../../riscv-none-embed/lib/rv32imafcxw/ilp32f\libm.a(lib_a-sf_fabs.o)
                              d:/mounriver/mounriver_studio/toolchain/risc-v embedded gcc/bin/../lib/gcc/riscv-none-embed/8.2.0/../../../../riscv-none-embed/lib/rv32imafcxw/ilp32f\libm.a(lib_a-ef_rem_pio2.o) (fabsf)
d:/mounriver/mounriver_studio/toolchain/risc-v embedded gcc/bin/../lib/gcc/riscv-none-embed/8.2.0/../../../../riscv-none-embed/lib/rv32imafcxw/ilp32f\libm.a(lib_a-sf_floor.o)
                              d:/mounriver/mounriver_studio/toolchain/risc-v embedded gcc/bin/../lib/gcc/riscv-none-embed/8.2.0/../../../../riscv-none-embed/lib/rv32imafcxw/ilp32f\libm.a(lib_a-kf_rem_pio2.o) (floorf)
d:/mounriver/mounriver_studio/toolchain/risc-v embedded gcc/bin/../lib/gcc/riscv-none-embed/8.2.0/../../../../riscv-none-embed/lib/rv32imafcxw/ilp32f\libm.a(lib_a-sf_scalbn.o)
                              d:/mounriver/mounriver_studio/toolchain/risc-v embedded gcc/bin/../lib/gcc/riscv-none-embed/8.2.0/../../../../riscv-none-embed/lib/rv32imafcxw/ilp32f\libm.a(lib_a-kf_rem_pio2.o) (scalbnf)
d:/mounriver/mounriver_studio/toolchain/risc-v embedded gcc/bin/../lib/gcc/riscv-none-embed/8.2.0/../../../../riscv-none-embed/lib/rv32imafcxw/ilp32f\libm.a(lib_a-sf_copysign.o)
                              d:/mounriver/mounriver_studio/toolchain/risc-v embedded gcc/bin/../lib/gcc/riscv-none-embed/8.2.0/../../../../riscv-none-embed/lib/rv32imafcxw/ilp32f\libm.a(lib_a-sf_scalbn.o) (copysignf)
d:/mounriver/mounriver_studio/toolchain/risc-v embedded gcc/bin/../lib/gcc/riscv-none-embed/8.2.0/rv32imafcxw/ilp32f\libgcc.a(divdf3.o)
                              ./User/main.o (__divdf3)
d:/mounriver/mounriver_studio/toolchain/risc-v embedded gcc/bin/../lib/gcc/riscv-none-embed/8.2.0/rv32imafcxw/ilp32f\libgcc.a(gedf2.o)
                              ./User/main.o (__gtdf2)
d:/mounriver/mounriver_studio/toolchain/risc-v embedded gcc/bin/../lib/gcc/riscv-none-embed/8.2.0/rv32imafcxw/ilp32f\libgcc.a(ledf2.o)
                              ./User/main.o (__ltdf2)
d:/mounriver/mounriver_studio/toolchain/risc-v embedded gcc/bin/../lib/gcc/riscv-none-embed/8.2.0/rv32imafcxw/ilp32f\libgcc.a(muldf3.o)
                              ./User/main.o (__muldf3)
d:/mounriver/mounriver_studio/toolchain/risc-v embedded gcc/bin/../lib/gcc/riscv-none-embed/8.2.0/rv32imafcxw/ilp32f\libgcc.a(subdf3.o)
                              ./User/main.o (__subdf3)
d:/mounriver/mounriver_studio/toolchain/risc-v embedded gcc/bin/../lib/gcc/riscv-none-embed/8.2.0/rv32imafcxw/ilp32f\libgcc.a(extendsfdf2.o)
                              ./User/main.o (__extendsfdf2)
d:/mounriver/mounriver_studio/toolchain/risc-v embedded gcc/bin/../lib/gcc/riscv-none-embed/8.2.0/rv32imafcxw/ilp32f\libgcc.a(truncdfsf2.o)
                              ./User/main.o (__truncdfsf2)
d:/mounriver/mounriver_studio/toolchain/risc-v embedded gcc/bin/../lib/gcc/riscv-none-embed/8.2.0/rv32imafcxw/ilp32f\libgcc.a(save-restore.o)
[...]
Memory Configuration

Name             Origin             Length             Attributes
FLASH            0x0000000000000000 0x0000000000040000 xr
RAM              0x0000000020000000 0x0000000000010000 xrw
*default*        0x0000000000000000 0xffffffffffffffff

Linker script and memory map

LOAD ./rtthread/src/clock.o
LOAD ./rtthread/src/components.o
LOAD ./rtthread/src/cpu.o
LOAD ./rtthread/src/device.o
LOAD ./rtthread/src/idle.o
LOAD ./rtthread/src/ipc.o
LOAD ./rtthread/src/irq.o
LOAD ./rtthread/src/kservice.o
LOAD ./rtthread/src/mem.o
LOAD ./rtthread/src/memheap.o
LOAD ./rtthread/src/mempool.o
LOAD ./rtthread/src/object.o
LOAD ./rtthread/src/scheduler.o
LOAD ./rtthread/src/slab.o
LOAD ./rtthread/src/thread.o
LOAD ./rtthread/src/timer.o
LOAD ./rtthread/libcpu/risc-v/common/context_gcc.o
LOAD ./rtthread/libcpu/risc-v/common/cpuport.o
LOAD ./rtthread/libcpu/risc-v/common/interrupt_gcc.o
LOAD ./rtthread/components/finsh/cmd.o
LOAD ./rtthread/components/finsh/msh.o
LOAD ./rtthread/components/finsh/msh_cmd.o
LOAD ./rtthread/components/finsh/msh_file.o
LOAD ./rtthread/components/finsh/shell.o
LOAD ./rtthread/components/finsh/symbol.o
LOAD ./rtthread/components/drivers/serial/serial.o
LOAD ./rtthread/components/drivers/misc/pin.o
LOAD ./rtthread/board.o
LOAD ./drivers/drv_gpio.o
LOAD ./drivers/drv_usart.o
LOAD ./User/ch32v30x_it.o
LOAD ./User/main.o
LOAD ./User/system_ch32v30x.o
LOAD ./Startup/startup_ch32v30x.o
LOAD ./Peripheral/src/ch32v30x_adc.o
LOAD ./Peripheral/src/ch32v30x_bkp.o
LOAD ./Peripheral/src/ch32v30x_can.o
LOAD ./Peripheral/src/ch32v30x_crc.o
LOAD ./Peripheral/src/ch32v30x_dac.o
LOAD ./Peripheral/src/ch32v30x_dbgmcu.o
LOAD ./Peripheral/src/ch32v30x_dma.o
LOAD ./Peripheral/src/ch32v30x_dvp.o
LOAD ./Peripheral/src/ch32v30x_eth.o
LOAD ./Peripheral/src/ch32v30x_exti.o
LOAD ./Peripheral/src/ch32v30x_flash.o
LOAD ./Peripheral/src/ch32v30x_fsmc.o
LOAD ./Peripheral/src/ch32v30x_gpio.o
LOAD ./Peripheral/src/ch32v30x_i2c.o
LOAD ./Peripheral/src/ch32v30x_iwdg.o
LOAD ./Peripheral/src/ch32v30x_misc.o
LOAD ./Peripheral/src/ch32v30x_opa.o
LOAD ./Peripheral/src/ch32v30x_pwr.o
LOAD ./Peripheral/src/ch32v30x_rcc.o
LOAD ./Peripheral/src/ch32v30x_rng.o
LOAD ./Peripheral/src/ch32v30x_rtc.o
LOAD ./Peripheral/src/ch32v30x_sdio.o
LOAD ./Peripheral/src/ch32v30x_spi.o
LOAD ./Peripheral/src/ch32v30x_tim.o
LOAD ./Peripheral/src/ch32v30x_usart.o
LOAD ./Peripheral/src/ch32v30x_wwdg.o
LOAD ./Peripheral/src/systick.o
LOAD ./Debug/debug.o
LOAD ./Core/core_riscv.o
LOAD d:/mounriver/mounriver_studio/toolchain/risc-v embedded gcc/bin/../lib/gcc/riscv-none-embed/8.2.0/../../../../riscv-none-embed/lib/rv32imafcxw/ilp32f\libm.a
LOAD d:/mounriver/mounriver_studio/toolchain/risc-v embedded gcc/bin/../lib/gcc/riscv-none-embed/8.2.0/rv32imafcxw/ilp32f\libgcc.a
LOAD d:/mounriver/mounriver_studio/toolchain/risc-v embedded gcc/bin/../lib/gcc/riscv-none-embed/8.2.0/../../../../riscv-none-embed/lib/rv32imafcxw/ilp32f\libg_nano.a
LOAD d:/mounriver/mounriver_studio/toolchain/risc-v embedded gcc/bin/../lib/gcc/riscv-none-embed/8.2.0/../../../../riscv-none-embed/lib/rv32imafcxw/ilp32f\libc_nano.a
LOAD d:/mounriver/mounriver_studio/toolchain/risc-v embedded gcc/bin/../lib/gcc/riscv-none-embed/8.2.0/rv32imafcxw/ilp32f\libgcc.a
START GROUP
LOAD d:/mounriver/mounriver_studio/toolchain/risc-v embedded gcc/bin/../lib/gcc/riscv-none-embed/8.2.0/rv32imafcxw/ilp32f\libgcc.a
LOAD d:/mounriver/mounriver_studio/toolchain/risc-v embedded gcc/bin/../lib/gcc/riscv-none-embed/8.2.0/../../../../riscv-none-embed/lib/rv32imafcxw/ilp32f\libc_nano.a
LOAD d:/mounriver/mounriver_studio/toolchain/risc-v embedded gcc/bin/../lib/gcc/riscv-none-embed/8.2.0/../../../../riscv-none-embed/lib/rv32imafcxw/ilp32f\libnosys.a
END GROUP
START GROUP
LOAD d:/mounriver/mounriver_studio/toolchain/risc-v embedded gcc/bin/../lib/gcc/riscv-none-embed/8.2.0/rv32imafcxw/ilp32f\libgcc.a
LOAD d:/mounriver/mounriver_studio/toolchain/risc-v embedded gcc/bin/../lib/gcc/riscv-none-embed/8.2.0/../../../../riscv-none-embed/lib/rv32imafcxw/ilp32f\libc_nano.a
LOAD d:/mounriver/mounriver_studio/toolchain/risc-v embedded gcc/bin/../lib/gcc/riscv-none-embed/8.2.0/../../../../riscv-none-embed/lib/rv32imafcxw/ilp32f\libnosys.a
END GROUP
                0x0000000000000800                __stack_size = 0x800
                [!provide]                        PROVIDE (_stack_size = __stack_size)

.init           0x0000000000000000       0x38
                0x0000000000000000                _sinit = .
                0x0000000000000000                . = ALIGN (0x4)
 *(SORT_NONE(.init))
 .init          0x0000000000000000       0x38 ./Startup/startup_ch32v30x.o
                0x0000000000000000                _start
                0x0000000000000038                . = ALIGN (0x4)
                0x0000000000000038                _einit = .

.vector         0x0000000000000038      0x1c8
 *(.vector)
 .vector        0x0000000000000038      0x1a0 ./Startup/startup_ch32v30x.o
                0x0000000000000200                . = ALIGN (0x40)
 *fill*         0x00000000000001d8       0x28 

.text           0x0000000000000200     0x995c
                0x0000000000000200                . = ALIGN (0x4)
 *(.text)
 .text          0x0000000000000200      0x152 ./rtthread/libcpu/risc-v/common/context_gcc.o
                0x0000000000000200                rt_hw_context_switch_to
                0x000000000000021c                rt_hw_context_switch
                0x00000000000002b8                rt_hw_context_switch_exit
 *fill*         0x0000000000000352        0x2 
 .text          0x0000000000000354      0x166 ./rtthread/libcpu/risc-v/common/interrupt_gcc.o
                0x0000000000000354                SW_handler
 .text          0x00000000000004ba       0x60 d:/mounriver/mounriver_studio/toolchain/risc-v embedded gcc/bin/../lib/gcc/riscv-none-embed/8.2.0/rv32imafcxw/ilp32f\libgcc.a(save-restore.o)
                0x00000000000004ba                __riscv_save_12
                0x00000000000004c2                __riscv_save_9
                0x00000000000004c2                __riscv_save_11
                0x00000000000004c2                __riscv_save_10
                0x00000000000004c2                __riscv_save_8
                0x00000000000004d0                __riscv_save_4
                0x00000000000004d0                __riscv_save_6
                0x00000000000004d0                __riscv_save_5
                0x00000000000004d0                __riscv_save_7
                0x00000000000004ea                __riscv_save_3
                0x00000000000004ea                __riscv_save_2
                0x00000000000004ea                __riscv_save_1
                0x00000000000004ea                __riscv_save_0
                0x00000000000004f6                __riscv_restore_12
                0x00000000000004fa                __riscv_restore_11
                0x00000000000004fa                __riscv_restore_9
                0x00000000000004fa                __riscv_restore_10
                0x00000000000004fa                __riscv_restore_8
                0x0000000000000504                __riscv_restore_5
                0x0000000000000504                __riscv_restore_7
                0x0000000000000504                __riscv_restore_6
                0x0000000000000504                __riscv_restore_4
                0x000000000000050e                __riscv_restore_3
                0x000000000000050e                __riscv_restore_0
                0x000000000000050e                __riscv_restore_2
                0x000000000000050e                __riscv_restore_1
 .text          0x000000000000051a       0xa8 d:/mounriver/mounriver_studio/toolchain/risc-v embedded gcc/bin/../lib/gcc/riscv-none-embed/8.2.0/../../../../riscv-none-embed/lib/rv32imafcxw/ilp32f\libg_nano.a(lib_a-memset.o)
                0x000000000000051a                memset
 *(.text.*)
 .text.rt_tick_get
                0x00000000000005c2        0x6 ./rtthread/src/clock.o
                0x00000000000005c2                rt_tick_get
 .text.rt_tick_increase
                0x00000000000005c8       0x28 ./rtthread/src/clock.o
                0x00000000000005c8                rt_tick_increase
 .text.rti_start
                0x00000000000005f0        0x4 ./rtthread/src/components.o
 .text.rti_end  0x00000000000005f4        0x4 ./rtthread/src/components.o
 .text.rti_board_start
                0x00000000000005f8        0x4 ./rtthread/src/components.o
 .text.rti_board_end
                0x00000000000005fc        0x4 ./rtthread/src/components.o
 .text.rt_components_board_init
                0x0000000000000600       0x1e ./rtthread/src/components.o
                0x0000000000000600                rt_components_board_init
 .text.rt_components_init
                0x000000000000061e       0x1e ./rtthread/src/components.o
                0x000000000000061e                rt_components_init
 .text.main_thread_entry
                0x000000000000063c        0xc ./rtthread/src/components.o
                0x000000000000063c                main_thread_entry
 .text.rt_application_init
                0x0000000000000648       0x28 ./rtthread/src/components.o
                0x0000000000000648                rt_application_init
 .text.rtthread_startup
                0x0000000000000670       0x28 ./rtthread/src/components.o
                0x0000000000000670                rtthread_startup
 .text.entry    0x0000000000000698        0xa ./rtthread/src/components.o
                0x0000000000000698                entry
 .text.rt_device_find
                0x00000000000006a2       0x48 ./rtthread/src/device.o
                0x00000000000006a2                rt_device_find
 .text.rt_device_register
                0x00000000000006ea       0x34 ./rtthread/src/device.o
                0x00000000000006ea                rt_device_register
 .text.rt_device_open
                0x000000000000071e       0x7a ./rtthread/src/device.o
                0x000000000000071e                rt_device_open
 .text.rt_device_close
                0x0000000000000798       0x38 ./rtthread/src/device.o
                0x0000000000000798                rt_device_close
 .text.rt_device_read
                0x00000000000007d0       0x1c ./rtthread/src/device.o
                0x00000000000007d0                rt_device_read
 .text.rt_device_write
                0x00000000000007ec       0x1c ./rtthread/src/device.o
                0x00000000000007ec                rt_device_write
 .text.rt_device_set_rx_indicate
                0x0000000000000808        0x6 ./rtthread/src/device.o
                0x0000000000000808                rt_device_set_rx_indicate
 .text.rt_thread_idle_excute
                0x000000000000080e       0x74 ./rtthread/src/idle.o
                0x000000000000080e                rt_thread_idle_excute
 .text.rt_thread_idle_entry
                0x0000000000000882       0x1c ./rtthread/src/idle.o
 .text.rt_thread_idle_init
                0x000000000000089e       0x36 ./rtthread/src/idle.o
                0x000000000000089e                rt_thread_idle_init
 .text.rt_ipc_list_suspend
                0x00000000000008d4       0x5a ./rtthread/src/ipc.o
 .text.rt_sem_init
                0x000000000000092e       0x28 ./rtthread/src/ipc.o
                0x000000000000092e                rt_sem_init
 .text.rt_sem_take
                0x0000000000000956       0x80 ./rtthread/src/ipc.o
                0x0000000000000956                rt_sem_take
 .text.rt_sem_release
                0x00000000000009d6       0x40 ./rtthread/src/ipc.o
                0x00000000000009d6                rt_sem_release
 .text.rt_interrupt_enter
                0x0000000000000a16       0x2c ./rtthread/src/irq.o
                0x0000000000000a16                rt_interrupt_enter
 .text.rt_interrupt_leave
                0x0000000000000a42       0x2c ./rtthread/src/irq.o
                0x0000000000000a42                rt_interrupt_leave
 .text.rt_interrupt_get_nest
                0x0000000000000a6e        0x6 ./rtthread/src/irq.o
                0x0000000000000a6e                rt_interrupt_get_nest
 .text.print_number
                0x0000000000000a74      0x17e ./rtthread/src/kservice.o
 .text.rt_set_errno
                0x0000000000000bf2       0x1c ./rtthread/src/kservice.o
                0x0000000000000bf2                rt_set_errno
 .text.rt_memset
                0x0000000000000c0e       0x88 ./rtthread/src/kservice.o
                0x0000000000000c0e                rt_memset
 .text.rt_memmove
                0x0000000000000c96       0x48 ./rtthread/src/kservice.o
                0x0000000000000c96                rt_memmove
 .text.rt_strncpy
                0x0000000000000cde       0x2c ./rtthread/src/kservice.o
                0x0000000000000cde                rt_strncpy
 .text.rt_strncmp
                0x0000000000000d0a       0x2a ./rtthread/src/kservice.o
                0x0000000000000d0a                rt_strncmp
 .text.rt_strlen
                0x0000000000000d34       0x12 ./rtthread/src/kservice.o
                0x0000000000000d34                rt_strlen
 .text.rt_vsnprintf
                0x0000000000000d46      0x352 ./rtthread/src/kservice.o
                0x0000000000000d46                rt_vsnprintf
 .text.rt_console_get_device
                0x0000000000001098        0x6 ./rtthread/src/kservice.o
                0x0000000000001098                rt_console_get_device
 .text.rt_console_set_device
                0x000000000000109e       0x2e ./rtthread/src/kservice.o
                0x000000000000109e                rt_console_set_device
 .text.rt_hw_console_output
                0x00000000000010cc        0x2 ./rtthread/src/kservice.o
                0x00000000000010cc                rt_hw_console_output
 .text.rt_kprintf
                0x00000000000010ce       0x68 ./rtthread/src/kservice.o
                0x00000000000010ce                rt_kprintf
 .text.rt_show_version
                0x0000000000001136       0x3e ./rtthread/src/kservice.o
                0x0000000000001136                rt_show_version
 .text.__rt_ffs
                0x0000000000001174       0x4e ./rtthread/src/kservice.o
                0x0000000000001174                __rt_ffs
 .text.plug_holes
                0x00000000000011c2       0x58 ./rtthread/src/mem.o
 .text.list_mem
                0x000000000000121a       0x32 ./rtthread/src/mem.o
                0x000000000000121a                list_mem
 .text.rt_system_heap_init
                0x000000000000124c       0x7c ./rtthread/src/mem.o
                0x000000000000124c                rt_system_heap_init
 .text.rt_malloc
                0x00000000000012c8      0x12c ./rtthread/src/mem.o
                0x00000000000012c8                rt_malloc
 .text.rt_calloc
                0x00000000000013f4       0x24 ./rtthread/src/mem.o
                0x00000000000013f4                rt_calloc
 .text.rt_free  0x0000000000001418       0xaa ./rtthread/src/mem.o
                0x0000000000001418                rt_free
 .text.rt_object_get_information
                0x00000000000014c2       0x2a ./rtthread/src/object.o
                0x00000000000014c2                rt_object_get_information
 .text.rt_object_init
                0x00000000000014ec       0x5e ./rtthread/src/object.o
                0x00000000000014ec                rt_object_init
 .text.rt_object_detach
                0x000000000000154a       0x2e ./rtthread/src/object.o
                0x000000000000154a                rt_object_detach
 .text.rt_object_allocate
                0x0000000000001578       0x56 ./rtthread/src/object.o
                0x0000000000001578                rt_object_allocate
 .text.rt_object_delete
                0x00000000000015ce       0x32 ./rtthread/src/object.o
                0x00000000000015ce                rt_object_delete
 .text.rt_object_is_systemobject
                0x0000000000001600        0x8 ./rtthread/src/object.o
                0x0000000000001600                rt_object_is_systemobject
 .text.rt_system_scheduler_init
                0x0000000000001608       0x2e ./rtthread/src/scheduler.o
                0x0000000000001608                rt_system_scheduler_init
 .text.rt_system_scheduler_start
                0x0000000000001636       0x2c ./rtthread/src/scheduler.o
                0x0000000000001636                rt_system_scheduler_start
 .text.rt_schedule
                0x0000000000001662       0x6a ./rtthread/src/scheduler.o
                0x0000000000001662                rt_schedule
 .text.rt_schedule_insert_thread
                0x00000000000016cc       0x48 ./rtthread/src/scheduler.o
                0x00000000000016cc                rt_schedule_insert_thread
 .text.rt_schedule_remove_thread
                0x0000000000001714       0x42 ./rtthread/src/scheduler.o
                0x0000000000001714                rt_schedule_remove_thread
 .text.rt_enter_critical
                0x0000000000001756       0x16 ./rtthread/src/scheduler.o
                0x0000000000001756                rt_enter_critical
 .text.rt_exit_critical
                0x000000000000176c       0x2e ./rtthread/src/scheduler.o
                0x000000000000176c                rt_exit_critical
 .text.rt_thread_exit
                0x000000000000179a       0x50 ./rtthread/src/thread.o
                0x000000000000179a                rt_thread_exit
 .text._rt_thread_init.isra.0
                0x00000000000017ea       0x8e ./rtthread/src/thread.o
 .text.rt_thread_timeout
                0x0000000000001878       0x20 ./rtthread/src/thread.o
                0x0000000000001878                rt_thread_timeout
 .text.rt_thread_init
                0x0000000000001898       0x32 ./rtthread/src/thread.o
                0x0000000000001898                rt_thread_init
 .text.rt_thread_self
                0x00000000000018ca        0x6 ./rtthread/src/thread.o
                0x00000000000018ca                rt_thread_self
 .text.rt_thread_create
                0x00000000000018d0       0x46 ./rtthread/src/thread.o
                0x00000000000018d0                rt_thread_create
 .text.rt_thread_yield
                0x0000000000001916       0x52 ./rtthread/src/thread.o
                0x0000000000001916                rt_thread_yield
 .text.rt_thread_suspend
                0x0000000000001968       0x4a ./rtthread/src/thread.o
                0x0000000000001968                rt_thread_suspend
 .text.rt_thread_sleep
                0x00000000000019b2       0x40 ./rtthread/src/thread.o
                0x00000000000019b2                rt_thread_sleep
 .text.rt_thread_delay
                0x00000000000019f2        0xa ./rtthread/src/thread.o
                0x00000000000019f2                rt_thread_delay
 .text.rt_thread_resume
                0x00000000000019fc       0x4c ./rtthread/src/thread.o
                0x00000000000019fc                rt_thread_resume
 .text.rt_thread_startup
                0x0000000000001a48       0x2c ./rtthread/src/thread.o
                0x0000000000001a48                rt_thread_startup
 .text._rt_timer_remove.part.1
                0x0000000000001a74       0x12 ./rtthread/src/timer.o
 .text.rt_timer_init
                0x0000000000001a86       0x3a ./rtthread/src/timer.o
                0x0000000000001a86                rt_timer_init
 .text.rt_timer_detach
                0x0000000000001ac0       0x1e ./rtthread/src/timer.o
                0x0000000000001ac0                rt_timer_detach
 .text.rt_timer_start
                0x0000000000001ade       0x80 ./rtthread/src/timer.o
                0x0000000000001ade                rt_timer_start
 .text.rt_timer_stop
                0x0000000000001b5e       0x30 ./rtthread/src/timer.o
                0x0000000000001b5e                rt_timer_stop
 .text.rt_timer_control
                0x0000000000001b8e       0x38 ./rtthread/src/timer.o
                0x0000000000001b8e                rt_timer_control
 .text.rt_timer_check
                0x0000000000001bc6       0x78 ./rtthread/src/timer.o
                0x0000000000001bc6                rt_timer_check
 .text.rt_system_timer_init
                0x0000000000001c3e        0xa ./rtthread/src/timer.o
                0x0000000000001c3e                rt_system_timer_init
 .text.rt_system_timer_thread_init
                0x0000000000001c48        0x2 ./rtthread/src/timer.o
                0x0000000000001c48                rt_system_timer_thread_init
 .text.rt_hw_stack_init
                0x0000000000001c4a       0x36 ./rtthread/libcpu/risc-v/common/cpuport.o
                0x0000000000001c4a                rt_hw_stack_init
 .text.sw_setpend
                0x0000000000001c80       0x10 ./rtthread/libcpu/risc-v/common/cpuport.o
                0x0000000000001c80                sw_setpend
 .text.sw_clearpend
                0x0000000000001c90        0xe ./rtthread/libcpu/risc-v/common/cpuport.o
                0x0000000000001c90                sw_clearpend
 .text.rt_hw_interrupt_disable
                0x0000000000001c9e        0xc ./rtthread/libcpu/risc-v/common/cpuport.o
                0x0000000000001c9e                rt_hw_interrupt_disable
 .text.rt_hw_interrupt_enable
                0x0000000000001caa        0x6 ./rtthread/libcpu/risc-v/common/cpuport.o
                0x0000000000001caa                rt_hw_interrupt_enable
 .text.rt_hw_context_switch_interrupt
                0x0000000000001cb0       0x22 ./rtthread/libcpu/risc-v/common/cpuport.o
                0x0000000000001cb0                rt_hw_context_switch_interrupt
 .text.rt_list_len
                0x0000000000001cd2       0x12 ./rtthread/components/finsh/cmd.o
 .text.reboot   0x0000000000001ce4       0x12 ./rtthread/components/finsh/cmd.o
                0x0000000000001ce4                reboot
 .text.clear    0x0000000000001cf6       0x16 ./rtthread/components/finsh/cmd.o
                0x0000000000001cf6                clear
 .text.object_split
                0x0000000000001d0c       0x20 ./rtthread/components/finsh/cmd.o
 .text.show_wait_queue
                0x0000000000001d2c       0x36 ./rtthread/components/finsh/cmd.o
 .text.object_name_maxlen
                0x0000000000001d62       0x3e ./rtthread/components/finsh/cmd.o
 .text.list_thread
                0x0000000000001da0       0xe2 ./rtthread/components/finsh/cmd.o
                0x0000000000001da0                list_thread
 .text.list_sem
                0x0000000000001e82       0xb6 ./rtthread/components/finsh/cmd.o
                0x0000000000001e82                list_sem
 .text.list_event
                0x0000000000001f38       0xac ./rtthread/components/finsh/cmd.o
                0x0000000000001f38                list_event
 .text.list_mutex
                0x0000000000001fe4       0x82 ./rtthread/components/finsh/cmd.o
                0x0000000000001fe4                list_mutex
 .text.list_mailbox
                0x0000000000002066       0xbe ./rtthread/components/finsh/cmd.o
                0x0000000000002066                list_mailbox
 .text.list_msgqueue
                0x0000000000002124       0xb6 ./rtthread/components/finsh/cmd.o
                0x0000000000002124                list_msgqueue
 .text.list_device
                0x00000000000021da       0x94 ./rtthread/components/finsh/cmd.o
                0x00000000000021da                list_device
 .text.list_timer
                0x000000000000226e       0x9a ./rtthread/components/finsh/cmd.o
                0x000000000000226e                list_timer
 .text.list     0x0000000000002308       0x4a ./rtthread/components/finsh/cmd.o
                0x0000000000002308                list
 .text.msh_help
                0x0000000000002352       0x58 ./rtthread/components/finsh/msh.o
                0x0000000000002352                msh_help
 .text.msh_is_used
                0x00000000000023aa        0x4 ./rtthread/components/finsh/msh.o
                0x00000000000023aa                msh_is_used
 .text.msh_exec
                0x00000000000023ae      0x1aa ./rtthread/components/finsh/msh.o
                0x00000000000023ae                msh_exec
 .text.msh_auto_complete
                0x0000000000002558       0xa2 ./rtthread/components/finsh/msh.o
                0x0000000000002558                msh_auto_complete
 .text.cmd_ps   0x00000000000025fa        0xe ./rtthread/components/finsh/msh_cmd.o
                0x00000000000025fa                cmd_ps
 .text.cmd_free
                0x0000000000002608        0xe ./rtthread/components/finsh/msh_cmd.o
                0x0000000000002608                cmd_free
 .text.finsh_rx_ind
                0x0000000000002616       0x12 ./rtthread/components/finsh/shell.o
 .text.finsh_system_init
                0x0000000000002628       0x98 ./rtthread/components/finsh/shell.o
                0x0000000000002628                finsh_system_init
 .text.finsh_get_prompt
                0x00000000000026c0       0x3c ./rtthread/components/finsh/shell.o
                0x00000000000026c0                finsh_get_prompt
 .text.shell_handle_history
                0x00000000000026fc       0x2e ./rtthread/components/finsh/shell.o
 .text.finsh_set_device
                0x000000000000272a       0x7e ./rtthread/components/finsh/shell.o
                0x000000000000272a                finsh_set_device
 .text.finsh_thread_entry
                0x00000000000027a8      0x410 ./rtthread/components/finsh/shell.o
                0x00000000000027a8                finsh_thread_entry
 .text.rt_serial_init
                0x0000000000002bb8       0x20 ./rtthread/components/drivers/serial/serial.o
 .text.rt_serial_write
                0x0000000000002bd8       0x42 ./rtthread/components/drivers/serial/serial.o
 .text.rt_serial_open
                0x0000000000002c1a       0x9e ./rtthread/components/drivers/serial/serial.o
 .text.rt_serial_control
                0x0000000000002cb8       0x6e ./rtthread/components/drivers/serial/serial.o
 .text.rt_serial_read
                0x0000000000002d26       0x9e ./rtthread/components/drivers/serial/serial.o
 .text.rt_serial_close
                0x0000000000002dc4       0x40 ./rtthread/components/drivers/serial/serial.o
 .text.rt_hw_serial_register
                0x0000000000002e04       0x5a ./rtthread/components/drivers/serial/serial.o
                0x0000000000002e04                rt_hw_serial_register
 .text.rt_hw_serial_isr
                0x0000000000002e5e       0xaa ./rtthread/components/drivers/serial/serial.o
                0x0000000000002e5e                rt_hw_serial_isr
 .text._pin_control
                0x0000000000002f08       0x1c ./rtthread/components/drivers/misc/pin.o
 .text.rt_pin_mode
                0x0000000000002f24       0x1a ./rtthread/components/drivers/misc/pin.o
                0x0000000000002f24                rt_pin_mode
 .text.rt_pin_write
                0x0000000000002f3e       0x1a ./rtthread/components/drivers/misc/pin.o
                0x0000000000002f3e                rt_pin_write
 .text.rt_pin_read
                0x0000000000002f58       0x18 ./rtthread/components/drivers/misc/pin.o
                0x0000000000002f58                rt_pin_read
 .text._pin_read
                0x0000000000002f70       0x2e ./rtthread/components/drivers/misc/pin.o
 .text._pin_write
                0x0000000000002f9e       0x2c ./rtthread/components/drivers/misc/pin.o
 .text.rt_device_pin_register
                0x0000000000002fca       0x54 ./rtthread/components/drivers/misc/pin.o
                0x0000000000002fca                rt_device_pin_register
 .text.rt_heap_begin_get
                0x000000000000301e        0xa ./rtthread/board.o
                0x000000000000301e                rt_heap_begin_get
 .text.rt_heap_end_get
                0x0000000000003028        0xa ./rtthread/board.o
                0x0000000000003028                rt_heap_end_get
 .text.rt_hw_board_init
                0x0000000000003032       0x76 ./rtthread/board.o
                0x0000000000003032                rt_hw_board_init
 .text.bit2bitno
                0x00000000000030a8       0x1c ./drivers/drv_gpio.o
 .text.GPIOD_CLK_ENABLE
                0x00000000000030c4       0x12 ./drivers/drv_gpio.o
 .text.GPIOB_CLK_ENABLE
                0x00000000000030d6       0x10 ./drivers/drv_gpio.o
 .text.GPIOA_CLK_ENABLE
                0x00000000000030e6       0x10 ./drivers/drv_gpio.o
 .text.GPIOC_CLK_ENABLE
                0x00000000000030f6       0x10 ./drivers/drv_gpio.o
 .text.GPIOE_CLK_ENABLE
                0x0000000000003106       0x12 ./drivers/drv_gpio.o
 .text.rt_hw_pin_init
                0x0000000000003118       0x1c ./drivers/drv_gpio.o
                0x0000000000003118                rt_hw_pin_init
 .text.get_pin  0x0000000000003134       0x20 ./drivers/drv_gpio.o
                0x0000000000003134                get_pin
 .text.ch32_pin_write
                0x0000000000003154       0x22 ./drivers/drv_gpio.o
                0x0000000000003154                ch32_pin_write
 .text.ch32_pin_read
                0x0000000000003176       0x1e ./drivers/drv_gpio.o
                0x0000000000003176                ch32_pin_read
 .text.ch32_pin_mode
                0x0000000000003194       0x7e ./drivers/drv_gpio.o
                0x0000000000003194                ch32_pin_mode
 .text.ch32_pin_attach_irq
                0x0000000000003212       0x92 ./drivers/drv_gpio.o
                0x0000000000003212                ch32_pin_attach_irq
 .text.ch32_pin_dettach_irq
                0x00000000000032a4       0x5a ./drivers/drv_gpio.o
                0x00000000000032a4                ch32_pin_dettach_irq
 .text.ch32_pin_irq_enable
                0x00000000000032fe      0x15c ./drivers/drv_gpio.o
                0x00000000000032fe                ch32_pin_irq_enable
 .text.HAL_GPIO_EXTI_Callback
                0x000000000000345a       0x24 ./drivers/drv_gpio.o
                0x000000000000345a                HAL_GPIO_EXTI_Callback
 .text.EXTI0_IRQHandler
                0x000000000000347e       0x7c ./drivers/drv_gpio.o
                0x000000000000347e                EXTI0_IRQHandler
 .text.EXTI1_IRQHandler
                0x00000000000034fa       0x7c ./drivers/drv_gpio.o
                0x00000000000034fa                EXTI1_IRQHandler
 .text.EXTI2_IRQHandler
                0x0000000000003576       0x7c ./drivers/drv_gpio.o
                0x0000000000003576                EXTI2_IRQHandler
 .text.EXTI3_IRQHandler
                0x00000000000035f2       0x7c ./drivers/drv_gpio.o
                0x00000000000035f2                EXTI3_IRQHandler
 .text.EXTI4_IRQHandler
                0x000000000000366e       0x7c ./drivers/drv_gpio.o
                0x000000000000366e                EXTI4_IRQHandler
 .text.EXTI9_5_IRQHandler
                0x00000000000036ea       0xcc ./drivers/drv_gpio.o
                0x00000000000036ea                EXTI9_5_IRQHandler
 .text.EXTI15_10_IRQHandler
                0x00000000000037b6       0xd4 ./drivers/drv_gpio.o
                0x00000000000037b6                EXTI15_10_IRQHandler
 .text.ch32dma_transmit
                0x000000000000388a        0x4 ./drivers/drv_usart.o
                0x000000000000388a                ch32dma_transmit
 .text.ch32_configure
                0x000000000000388e       0xce ./drivers/drv_usart.o
 .text.rt_hw_usart_init
                0x000000000000395c       0xc4 ./drivers/drv_usart.o
                0x000000000000395c                rt_hw_usart_init
 .text.ch32_getc
                0x0000000000003a20       0x22 ./drivers/drv_usart.o
 .text.ch32_putc
                0x0000000000003a42       0x22 ./drivers/drv_usart.o
 .text.ch32_control
                0x0000000000003a64       0x5c ./drivers/drv_usart.o
 .text.USART1_IRQHandler
                0x0000000000003ac0       0x9a ./drivers/drv_usart.o
                0x0000000000003ac0                USART1_IRQHandler
 .text.NMI_Handler
                0x0000000000003b5a       0x74 ./User/ch32v30x_it.o
                0x0000000000003b5a                NMI_Handler
 .text.HardFault_Handler
                0x0000000000003bce       0x74 ./User/ch32v30x_it.o
                0x0000000000003bce                HardFault_Handler
 .text.update_dac_buffer
                0x0000000000003c42      0x114 ./User/main.o
 .text.DMA2_Channel3_IRQHandler
                0x0000000000003d56       0xd2 ./User/main.o
                0x0000000000003d56                DMA2_Channel3_IRQHandler
 .text.DMA1_Channel1_IRQHandler
                0x0000000000003e28       0xa0 ./User/main.o
                0x0000000000003e28                DMA1_Channel1_IRQHandler
 .text.DMA_Interrupt_Init
                0x0000000000003ec8       0x2a ./User/main.o
                0x0000000000003ec8                DMA_Interrupt_Init
 .text.DACs_Init
                0x0000000000003ef2       0xa2 ./User/main.o
                0x0000000000003ef2                DACs_Init
 .text.DAC_DMA_Init
                0x0000000000003f94       0x96 ./User/main.o
                0x0000000000003f94                DAC_DMA_Init
 .text.ADCs_Init
                0x000000000000402a       0xde ./User/main.o
                0x000000000000402a                ADCs_Init
 .text.ADC_DMA_Init
                0x0000000000004108       0x70 ./User/main.o
                0x0000000000004108                ADC_DMA_Init
 .text.Timer_Init
                0x0000000000004178       0x80 ./User/main.o
                0x0000000000004178                Timer_Init
 .text.set_freq
                0x00000000000041f8       0x38 ./User/main.o
                0x00000000000041f8                set_freq
 .text.startup.main
                0x0000000000004230      0x194 ./User/main.o
                0x0000000000004230                main
 .text.SystemInit
                0x00000000000043c4       0xf8 ./User/system_ch32v30x.o
                0x00000000000043c4                SystemInit
 .text.vector_handler
                0x00000000000044bc       0xbe ./Startup/startup_ch32v30x.o
                0x00000000000044c0                Ecall_M_Mode_Handler
                0x00000000000044c2                Ecall_U_Mode_Handler
                0x00000000000044c4                Break_Point_Handler
                0x00000000000044ca                WWDG_IRQHandler
                0x00000000000044cc                PVD_IRQHandler
                0x00000000000044ce                TAMPER_IRQHandler
                0x00000000000044d0                RTC_IRQHandler
                0x00000000000044d2                FLASH_IRQHandler
                0x00000000000044d4                RCC_IRQHandler
                0x00000000000044e2                DMA1_Channel2_IRQHandler
                0x00000000000044e4                DMA1_Channel3_IRQHandler
                0x00000000000044e6                DMA1_Channel4_IRQHandler
                0x00000000000044e8                DMA1_Channel5_IRQHandler
                0x00000000000044ea                DMA1_Channel6_IRQHandler
                0x00000000000044ec                DMA1_Channel7_IRQHandler
                0x00000000000044ee                ADC1_2_IRQHandler
                0x00000000000044f0                USB_HP_CAN1_TX_IRQHandler
                0x00000000000044f2                USB_LP_CAN1_RX0_IRQHandler
                0x00000000000044f4                CAN1_RX1_IRQHandler
                0x00000000000044f6                CAN1_SCE_IRQHandler
                0x00000000000044fa                TIM1_BRK_IRQHandler
                0x00000000000044fc                TIM1_UP_IRQHandler
                0x00000000000044fe                TIM1_TRG_COM_IRQHandler
                0x0000000000004500                TIM1_CC_IRQHandler
                0x0000000000004502                TIM2_IRQHandler
                0x0000000000004504                TIM3_IRQHandler
                0x0000000000004506                TIM4_IRQHandler
                0x0000000000004508                I2C1_EV_IRQHandler
                0x000000000000450a                I2C1_ER_IRQHandler
                0x000000000000450c                I2C2_EV_IRQHandler
                0x000000000000450e                I2C2_ER_IRQHandler
                0x0000000000004510                SPI1_IRQHandler
                0x0000000000004512                SPI2_IRQHandler
                0x0000000000004516                USART2_IRQHandler
                0x0000000000004518                USART3_IRQHandler
                0x000000000000451c                RTCAlarm_IRQHandler
                0x000000000000451e                USBWakeUp_IRQHandler
                0x0000000000004520                TIM8_BRK_IRQHandler
                0x0000000000004522                TIM8_UP_IRQHandler
                0x0000000000004524                TIM8_TRG_COM_IRQHandler
                0x0000000000004526                TIM8_CC_IRQHandler
                0x0000000000004528                RNG_IRQHandler
                0x000000000000452a                FSMC_IRQHandler
                0x000000000000452c                SDIO_IRQHandler
                0x000000000000452e                TIM5_IRQHandler
                0x0000000000004530                SPI3_IRQHandler
                0x0000000000004532                UART4_IRQHandler
                0x0000000000004534                UART5_IRQHandler
                0x0000000000004536                TIM6_IRQHandler
                0x0000000000004538                TIM7_IRQHandler
                0x000000000000453a                DMA2_Channel1_IRQHandler
                0x000000000000453c                DMA2_Channel2_IRQHandler
                0x0000000000004540                DMA2_Channel4_IRQHandler
                0x0000000000004542                DMA2_Channel5_IRQHandler
                0x0000000000004544                ETH_IRQHandler
                0x0000000000004546                ETH_WKUP_IRQHandler
                0x0000000000004548                CAN2_TX_IRQHandler
                0x000000000000454a                CAN2_RX0_IRQHandler
                0x000000000000454c                CAN2_RX1_IRQHandler
                0x000000000000454e                CAN2_SCE_IRQHandler
                0x0000000000004550                OTG_FS_IRQHandler
                0x0000000000004552                USBHSWakeup_IRQHandler
                0x0000000000004554                USBHS_IRQHandler
                0x0000000000004556                DVP_IRQHandler
                0x0000000000004558                UART6_IRQHandler
                0x000000000000455a                UART7_IRQHandler
                0x000000000000455c                UART8_IRQHandler
                0x000000000000455e                TIM9_BRK_IRQHandler
                0x0000000000004560                TIM9_UP_IRQHandler
                0x0000000000004562                TIM9_TRG_COM_IRQHandler
                0x0000000000004564                TIM9_CC_IRQHandler
                0x0000000000004566                TIM10_BRK_IRQHandler
                0x0000000000004568                TIM10_UP_IRQHandler
                0x000000000000456a                TIM10_TRG_COM_IRQHandler
                0x000000000000456c                TIM10_CC_IRQHandler
                0x000000000000456e                DMA2_Channel6_IRQHandler
                0x0000000000004570                DMA2_Channel7_IRQHandler
                0x0000000000004572                DMA2_Channel8_IRQHandler
                0x0000000000004574                DMA2_Channel9_IRQHandler
                0x0000000000004576                DMA2_Channel10_IRQHandler
                0x0000000000004578                DMA2_Channel11_IRQHandler
 .text.handle_reset
                0x000000000000457a       0x92 ./Startup/startup_ch32v30x.o
                0x000000000000457a                handle_reset
 .text.ADC_Init
                0x000000000000460c       0x56 ./Peripheral/src/ch32v30x_adc.o
                0x000000000000460c                ADC_Init
 .text.ADC_Cmd  0x0000000000004662       0x10 ./Peripheral/src/ch32v30x_adc.o
                0x0000000000004662                ADC_Cmd
 .text.ADC_DMACmd
                0x0000000000004672       0x12 ./Peripheral/src/ch32v30x_adc.o
                0x0000000000004672                ADC_DMACmd
 .text.ADC_RegularChannelConfig
                0x0000000000004684       0xb8 ./Peripheral/src/ch32v30x_adc.o
                0x0000000000004684                ADC_RegularChannelConfig
 .text.ADC_ExternalTrigConvCmd
                0x000000000000473c       0x18 ./Peripheral/src/ch32v30x_adc.o
                0x000000000000473c                ADC_ExternalTrigConvCmd
 .text.DAC_Init
                0x0000000000004754       0x30 ./Peripheral/src/ch32v30x_dac.o
                0x0000000000004754                DAC_Init
 .text.DAC_Cmd  0x0000000000004784       0x2c ./Peripheral/src/ch32v30x_dac.o
                0x0000000000004784                DAC_Cmd
 .text.DAC_DMACmd
                0x00000000000047b0       0x2c ./Peripheral/src/ch32v30x_dac.o
                0x00000000000047b0                DAC_DMACmd
 .text.DAC_SetDualChannelData
                0x00000000000047dc       0x1c ./Peripheral/src/ch32v30x_dac.o
                0x00000000000047dc                DAC_SetDualChannelData
 .text.DMA_DeInit
                0x00000000000047f8      0x16c ./Peripheral/src/ch32v30x_dma.o
                0x00000000000047f8                DMA_DeInit
 .text.DMA_Init
                0x0000000000004964       0x38 ./Peripheral/src/ch32v30x_dma.o
                0x0000000000004964                DMA_Init
 .text.DMA_StructInit
                0x000000000000499c       0x2e ./Peripheral/src/ch32v30x_dma.o
                0x000000000000499c                DMA_StructInit
 .text.DMA_Cmd  0x00000000000049ca       0x14 ./Peripheral/src/ch32v30x_dma.o
                0x00000000000049ca                DMA_Cmd
 .text.DMA_ITConfig
                0x00000000000049de       0x12 ./Peripheral/src/ch32v30x_dma.o
                0x00000000000049de                DMA_ITConfig
 .text.DMA_GetFlagStatus
                0x00000000000049f0       0x32 ./Peripheral/src/ch32v30x_dma.o
                0x00000000000049f0                DMA_GetFlagStatus
 .text.DMA_ClearFlag
                0x0000000000004a22       0x2c ./Peripheral/src/ch32v30x_dma.o
                0x0000000000004a22                DMA_ClearFlag
 .text.DMA_GetITStatus
                0x0000000000004a4e        0xc ./Peripheral/src/ch32v30x_dma.o
                0x0000000000004a4e                DMA_GetITStatus
 .text.DMA_ClearITPendingBit
                0x0000000000004a5a        0xc ./Peripheral/src/ch32v30x_dma.o
                0x0000000000004a5a                DMA_ClearITPendingBit
 .text.EXTI_Init
                0x0000000000004a66       0x6a ./Peripheral/src/ch32v30x_exti.o
                0x0000000000004a66                EXTI_Init
 .text.EXTI_GetITStatus
                0x0000000000004ad0       0x1e ./Peripheral/src/ch32v30x_exti.o
                0x0000000000004ad0                EXTI_GetITStatus
 .text.EXTI_ClearITPendingBit
                0x0000000000004aee        0xa ./Peripheral/src/ch32v30x_exti.o
                0x0000000000004aee                EXTI_ClearITPendingBit
 .text.GPIO_Init
                0x0000000000004af8       0xc0 ./Peripheral/src/ch32v30x_gpio.o
                0x0000000000004af8                GPIO_Init
 .text.GPIO_ReadInputDataBit
                0x0000000000004bb8        0xa ./Peripheral/src/ch32v30x_gpio.o
                0x0000000000004bb8                GPIO_ReadInputDataBit
 .text.GPIO_WriteBit
                0x0000000000004bc2        0xa ./Peripheral/src/ch32v30x_gpio.o
                0x0000000000004bc2                GPIO_WriteBit
 .text.GPIO_EXTILineConfig
                0x0000000000004bcc       0x2c ./Peripheral/src/ch32v30x_gpio.o
                0x0000000000004bcc                GPIO_EXTILineConfig
 .text.NVIC_Init
                0x0000000000004bf8       0xa6 ./Peripheral/src/ch32v30x_misc.o
                0x0000000000004bf8                NVIC_Init
 .text.RCC_GetClocksFreq
                0x0000000000004c9e      0x106 ./Peripheral/src/ch32v30x_rcc.o
                0x0000000000004c9e                RCC_GetClocksFreq
 .text.RCC_AHBPeriphClockCmd
                0x0000000000004da4       0x1e ./Peripheral/src/ch32v30x_rcc.o
                0x0000000000004da4                RCC_AHBPeriphClockCmd
 .text.RCC_APB2PeriphClockCmd
                0x0000000000004dc2       0x1e ./Peripheral/src/ch32v30x_rcc.o
                0x0000000000004dc2                RCC_APB2PeriphClockCmd
 .text.RCC_APB1PeriphClockCmd
                0x0000000000004de0       0x1e ./Peripheral/src/ch32v30x_rcc.o
                0x0000000000004de0                RCC_APB1PeriphClockCmd
 .text.TIM_TimeBaseInit
                0x0000000000004dfe       0xaa ./Peripheral/src/ch32v30x_tim.o
                0x0000000000004dfe                TIM_TimeBaseInit
 .text.TIM_TimeBaseStructInit
                0x0000000000004ea8       0x16 ./Peripheral/src/ch32v30x_tim.o
                0x0000000000004ea8                TIM_TimeBaseStructInit
 .text.TIM_Cmd  0x0000000000004ebe       0x18 ./Peripheral/src/ch32v30x_tim.o
                0x0000000000004ebe                TIM_Cmd
 .text.TIM_SelectOutputTrigger
                0x0000000000004ed6       0x18 ./Peripheral/src/ch32v30x_tim.o
                0x0000000000004ed6                TIM_SelectOutputTrigger
 .text.USART_Init
                0x0000000000004eee       0xbc ./Peripheral/src/ch32v30x_usart.o
                0x0000000000004eee                USART_Init
 .text.USART_Cmd
                0x0000000000004faa       0x16 ./Peripheral/src/ch32v30x_usart.o
                0x0000000000004faa                USART_Cmd
 .text.USART_ITConfig
                0x0000000000004fc0       0x36 ./Peripheral/src/ch32v30x_usart.o
                0x0000000000004fc0                USART_ITConfig
 .text.USART_GetFlagStatus
                0x0000000000004ff6        0xa ./Peripheral/src/ch32v30x_usart.o
                0x0000000000004ff6                USART_GetFlagStatus
 .text.USART_GetITStatus
                0x0000000000005000       0x3c ./Peripheral/src/ch32v30x_usart.o
                0x0000000000005000                USART_GetITStatus
 .text.USART_ClearITPendingBit
                0x000000000000503c       0x14 ./Peripheral/src/ch32v30x_usart.o
                0x000000000000503c                USART_ClearITPendingBit
 .text.SysTick_Handler
                0x0000000000005050       0x74 ./Peripheral/src/systick.o
                0x0000000000005050                SysTick_Handler
 .text.sinf     0x00000000000050c4       0x78 d:/mounriver/mounriver_studio/toolchain/risc-v embedded gcc/bin/../lib/gcc/riscv-none-embed/8.2.0/../../../../riscv-none-embed/lib/rv32imafcxw/ilp32f\libm.a(lib_a-sf_sin.o)
                0x00000000000050c4                sinf
 .text.__ieee754_rem_pio2f
                0x000000000000513c      0x2b4 d:/mounriver/mounriver_studio/toolchain/risc-v embedded gcc/bin/../lib/gcc/riscv-none-embed/8.2.0/../../../../riscv-none-embed/lib/rv32imafcxw/ilp32f\libm.a(lib_a-ef_rem_pio2.o)
                0x000000000000513c                __ieee754_rem_pio2f
 .text.__kernel_cosf
                0x00000000000053f0      0x140 d:/mounriver/mounriver_studio/toolchain/risc-v embedded gcc/bin/../lib/gcc/riscv-none-embed/8.2.0/../../../../riscv-none-embed/lib/rv32imafcxw/ilp32f\libm.a(lib_a-kf_cos.o)
                0x00000000000053f0                __kernel_cosf
 .text.__kernel_rem_pio2f
                0x0000000000005530      0x6f2 d:/mounriver/mounriver_studio/toolchain/risc-v embedded gcc/bin/../lib/gcc/riscv-none-embed/8.2.0/../../../../riscv-none-embed/lib/rv32imafcxw/ilp32f\libm.a(lib_a-kf_rem_pio2.o)
                0x0000000000005530                __kernel_rem_pio2f
 .text.__kernel_sinf
                0x0000000000005c22       0xa2 d:/mounriver/mounriver_studio/toolchain/risc-v embedded gcc/bin/../lib/gcc/riscv-none-embed/8.2.0/../../../../riscv-none-embed/lib/rv32imafcxw/ilp32f\libm.a(lib_a-kf_sin.o)
                0x0000000000005c22                __kernel_sinf
 .text.fabsf    0x0000000000005cc4        0xe d:/mounriver/mounriver_studio/toolchain/risc-v embedded gcc/bin/../lib/gcc/riscv-none-embed/8.2.0/../../../../riscv-none-embed/lib/rv32imafcxw/ilp32f\libm.a(lib_a-sf_fabs.o)
                0x0000000000005cc4                fabsf
 .text.floorf   0x0000000000005cd2       0xb2 d:/mounriver/mounriver_studio/toolchain/risc-v embedded gcc/bin/../lib/gcc/riscv-none-embed/8.2.0/../../../../riscv-none-embed/lib/rv32imafcxw/ilp32f\libm.a(lib_a-sf_floor.o)
                0x0000000000005cd2                floorf
 .text.scalbnf  0x0000000000005d84      0x100 d:/mounriver/mounriver_studio/toolchain/risc-v embedded gcc/bin/../lib/gcc/riscv-none-embed/8.2.0/../../../../riscv-none-embed/lib/rv32imafcxw/ilp32f\libm.a(lib_a-sf_scalbn.o)
                0x0000000000005d84                scalbnf
 .text.copysignf
                0x0000000000005e84       0x1c d:/mounriver/mounriver_studio/toolchain/risc-v embedded gcc/bin/../lib/gcc/riscv-none-embed/8.2.0/../../../../riscv-none-embed/lib/rv32imafcxw/ilp32f\libm.a(lib_a-sf_copysign.o)
                0x0000000000005e84                copysignf
 .text.__divdf3
                0x0000000000005ea0      0x7ea d:/mounriver/mounriver_studio/toolchain/risc-v embedded gcc/bin/../lib/gcc/riscv-none-embed/8.2.0/rv32imafcxw/ilp32f\libgcc.a(divdf3.o)
                0x0000000000005ea0                __divdf3
 .text.__gedf2  0x000000000000668a       0xb6 d:/mounriver/mounriver_studio/toolchain/risc-v embedded gcc/bin/../lib/gcc/riscv-none-embed/8.2.0/rv32imafcxw/ilp32f\libgcc.a(gedf2.o)
                0x000000000000668a                __gedf2
                0x000000000000668a                __gtdf2
 .text.__ledf2  0x0000000000006740       0xb6 d:/mounriver/mounriver_studio/toolchain/risc-v embedded gcc/bin/../lib/gcc/riscv-none-embed/8.2.0/rv32imafcxw/ilp32f\libgcc.a(ledf2.o)
                0x0000000000006740                __ledf2
                0x0000000000006740                __ltdf2
 .text.__muldf3
                0x00000000000067f6      0x656 d:/mounriver/mounriver_studio/toolchain/risc-v embedded gcc/bin/../lib/gcc/riscv-none-embed/8.2.0/rv32imafcxw/ilp32f\libgcc.a(muldf3.o)
                0x00000000000067f6                __muldf3
 .text.__subdf3
                0x0000000000006e4c      0xa8c d:/mounriver/mounriver_studio/toolchain/risc-v embedded gcc/bin/../lib/gcc/riscv-none-embed/8.2.0/rv32imafcxw/ilp32f\libgcc.a(subdf3.o)
                0x0000000000006e4c                __subdf3
 .text.__extendsfdf2
                0x00000000000078d8       0xe8 d:/mounriver/mounriver_studio/toolchain/risc-v embedded gcc/bin/../lib/gcc/riscv-none-embed/8.2.0/rv32imafcxw/ilp32f\libgcc.a(extendsfdf2.o)
                0x00000000000078d8                __extendsfdf2
 .text.__truncdfsf2
                0x00000000000079c0      0x31e d:/mounriver/mounriver_studio/toolchain/risc-v embedded gcc/bin/../lib/gcc/riscv-none-embed/8.2.0/rv32imafcxw/ilp32f\libgcc.a(truncdfsf2.o)
                0x00000000000079c0                __truncdfsf2
 .text.__clzsi2
                0x0000000000007cde       0x6e d:/mounriver/mounriver_studio/toolchain/risc-v embedded gcc/bin/../lib/gcc/riscv-none-embed/8.2.0/rv32imafcxw/ilp32f\libgcc.a(_clzsi2.o)
                0x0000000000007cde                __clzsi2
 .text.memcmp   0x0000000000007d4c       0x24 d:/mounriver/mounriver_studio/toolchain/risc-v embedded gcc/bin/../lib/gcc/riscv-none-embed/8.2.0/../../../../riscv-none-embed/lib/rv32imafcxw/ilp32f\libg_nano.a(lib_a-memcmp.o)
                0x0000000000007d4c                memcmp
 .text.memcpy   0x0000000000007d70       0xb2 d:/mounriver/mounriver_studio/toolchain/risc-v embedded gcc/bin/../lib/gcc/riscv-none-embed/8.2.0/../../../../riscv-none-embed/lib/rv32imafcxw/ilp32f\libg_nano.a(lib_a-memcpy.o)
                0x0000000000007d70                memcpy
 .text.strcat   0x0000000000007e22       0x1e d:/mounriver/mounriver_studio/toolchain/risc-v embedded gcc/bin/../lib/gcc/riscv-none-embed/8.2.0/../../../../riscv-none-embed/lib/rv32imafcxw/ilp32f\libg_nano.a(lib_a-strcat.o)
                0x0000000000007e22                strcat
 .text.strcpy   0x0000000000007e40       0x10 d:/mounriver/mounriver_studio/toolchain/risc-v embedded gcc/bin/../lib/gcc/riscv-none-embed/8.2.0/../../../../riscv-none-embed/lib/rv32imafcxw/ilp32f\libg_nano.a(lib_a-strcpy.o)
                0x0000000000007e40                strcpy
 .text.strlen   0x0000000000007e50       0x12 d:/mounriver/mounriver_studio/toolchain/risc-v embedded gcc/bin/../lib/gcc/riscv-none-embed/8.2.0/../../../../riscv-none-embed/lib/rv32imafcxw/ilp32f\libg_nano.a(lib_a-strlen.o)
                0x0000000000007e50                strlen
 .text.strncmp  0x0000000000007e62       0x28 d:/mounriver/mounriver_studio/toolchain/risc-v embedded gcc/bin/../lib/gcc/riscv-none-embed/8.2.0/../../../../riscv-none-embed/lib/rv32imafcxw/ilp32f\libg_nano.a(lib_a-strncmp.o)
                0x0000000000007e62                strncmp
 *(.rodata)
 *fill*         0x0000000000007e8a        0x2 
 .rodata        0x0000000000007e8c       0x50 ./rtthread/components/finsh/cmd.o
 *(.rodata*)
 .rodata.rt_application_init.str1.4
                0x0000000000007edc        0x5 ./rtthread/src/components.o
 *fill*         0x0000000000007ee1        0x3 
 .rodata.rt_device_init.str1.4
                0x0000000000007ee4       0x36 ./rtthread/src/device.o
 *fill*         0x0000000000007f1a        0x2 
 .rodata.rt_thread_idle_init.str1.4
                0x0000000000007f1c        0x6 ./rtthread/src/idle.o
 *fill*         0x0000000000007f22        0x2 
 .rodata.__lowest_bit_bitmap
                0x0000000000007f24      0x100 ./rtthread/src/kservice.o
                0x0000000000007f24                __lowest_bit_bitmap
 .rodata.large_digits.2585
                0x0000000000008024       0x11 ./rtthread/src/kservice.o
 *fill*         0x0000000000008035        0x3 
 .rodata.rt_show_version.str1.4
                0x0000000000008038       0x86 ./rtthread/src/kservice.o
 *fill*         0x00000000000080be        0x2 
 .rodata.rt_vsnprintf.str1.4
                0x00000000000080c0        0x7 ./rtthread/src/kservice.o
 *fill*         0x00000000000080c7        0x1 
 .rodata.small_digits.2584
                0x00000000000080c8       0x11 ./rtthread/src/kservice.o
 *fill*         0x00000000000080d9        0x3 
 .rodata.list_mem.str1.4
                0x00000000000080dc       0x46 ./rtthread/src/mem.o
 *fill*         0x0000000000008122        0x2 
 .rodata.name   0x0000000000008124       0x29 ./rtthread/src/mem.o
                0x0000000000008124                __fsym_list_mem_desc
                0x0000000000008144                __fsym_list_mem_name
 *fill*         0x000000000000814d        0x3 
 .rodata.rt_free.str1.4
                0x0000000000008150       0x4c ./rtthread/src/mem.o
 .rodata.rt_system_heap_init.str1.4
                0x000000000000819c       0x42 ./rtthread/src/mem.o
 *fill*         0x00000000000081de        0x2 
 .rodata.clear.str1.4
                0x00000000000081e0        0x8 ./rtthread/components/finsh/cmd.o
 .rodata.list.str1.4
                0x00000000000081e8       0x25 ./rtthread/components/finsh/cmd.o
 *fill*         0x000000000000820d        0x3 
 .rodata.list_device.str1.4
                0x0000000000008210       0x67 ./rtthread/components/finsh/cmd.o
 *fill*         0x0000000000008277        0x1 
 .rodata.list_event.str1.4
                0x0000000000008278       0x76 ./rtthread/components/finsh/cmd.o
 *fill*         0x00000000000082ee        0x2 
 .rodata.list_mailbox.str1.4
                0x00000000000082f0       0x76 ./rtthread/components/finsh/cmd.o
 *fill*         0x0000000000008366        0x2 
 .rodata.list_msgqueue.str1.4
                0x0000000000008368       0x65 ./rtthread/components/finsh/cmd.o
 *fill*         0x00000000000083cd        0x3 
 .rodata.list_mutex.str1.4
                0x00000000000083d0       0x63 ./rtthread/components/finsh/cmd.o
 *fill*         0x0000000000008433        0x1 
 .rodata.list_sem.str1.4
                0x0000000000008434       0x60 ./rtthread/components/finsh/cmd.o
                                         0x64 (size before relaxing)
 .rodata.list_thread.str1.4
                0x0000000000008494       0xf0 ./rtthread/components/finsh/cmd.o
 .rodata.list_timer.str1.4
                0x0000000000008584       0x9d ./rtthread/components/finsh/cmd.o
 *fill*         0x0000000000008621        0x3 
 .rodata.name   0x0000000000008624      0x323 ./rtthread/components/finsh/cmd.o
                0x0000000000008624                __fsym_list_desc
                0x0000000000008640                __fsym_list_name
                0x0000000000008648                __fsym___cmd_list_device_desc
                0x0000000000008660                __fsym___cmd_list_device_name
                0x0000000000008674                __fsym_list_device_desc
                0x000000000000868c                __fsym_list_device_name
                0x0000000000008698                __fsym___cmd_list_timer_desc
                0x00000000000086b0                __fsym___cmd_list_timer_name
                0x00000000000086c4                __fsym_list_timer_desc
                0x00000000000086dc                __fsym_list_timer_name
                0x00000000000086e8                __fsym___cmd_list_msgqueue_desc
                0x0000000000008708                __fsym___cmd_list_msgqueue_name
                0x000000000000871c                __fsym_list_msgqueue_desc
                0x000000000000873c                __fsym_list_msgqueue_name
                0x000000000000874c                __fsym___cmd_list_mailbox_desc
                0x0000000000008764                __fsym___cmd_list_mailbox_name
                0x0000000000008778                __fsym_list_mailbox_desc
                0x0000000000008790                __fsym_list_mailbox_name
                0x00000000000087a0                __fsym___cmd_list_mutex_desc
                0x00000000000087b8                __fsym___cmd_list_mutex_name
                0x00000000000087cc                __fsym_list_mutex_desc
                0x00000000000087e4                __fsym_list_mutex_name
                0x00000000000087f0                __fsym___cmd_list_event_desc
                0x0000000000008808                __fsym___cmd_list_event_name
                0x000000000000881c                __fsym_list_event_desc
                0x0000000000008834                __fsym_list_event_name
                0x0000000000008840                __fsym___cmd_list_sem_desc
                0x000000000000885c                __fsym___cmd_list_sem_name
                0x000000000000886c                __fsym_list_sem_desc
                0x0000000000008888                __fsym_list_sem_name
                0x0000000000008894                __fsym___cmd_list_thread_desc
                0x00000000000088a0                __fsym___cmd_list_thread_name
                0x00000000000088b4                __fsym_list_thread_desc
                0x00000000000088c0                __fsym_list_thread_name
                0x00000000000088cc                __fsym___cmd_clear_desc
                0x00000000000088e0                __fsym___cmd_clear_name
                0x00000000000088ec                __fsym_clear_desc
                0x0000000000008900                __fsym_clear_name
                0x0000000000008908                __fsym___cmd_reboot_desc
                0x000000000000891c                __fsym___cmd_reboot_name
                0x000000000000892c                __fsym_reboot_desc
                0x0000000000008940                __fsym_reboot_name
 *fill*         0x0000000000008947        0x1 
 .rodata.object_split.str1.4
                0x0000000000008948        0x2 ./rtthread/components/finsh/cmd.o
 *fill*         0x000000000000894a        0x2 
 .rodata.show_wait_queue.str1.4
                0x000000000000894c        0x6 ./rtthread/components/finsh/cmd.o
 *fill*         0x0000000000008952        0x2 
 .rodata.str1.4
                0x0000000000008954      0x11c ./rtthread/components/finsh/cmd.o
 .rodata.msh_auto_complete.str1.4
                0x0000000000008a70      0x11c ./rtthread/components/finsh/msh.o
                                          0x4 (size before relaxing)
 .rodata.msh_exec.str1.4
                0x0000000000008a70       0x3c ./rtthread/components/finsh/msh.o
 .rodata.msh_help.str1.4
                0x0000000000008aac       0x30 ./rtthread/components/finsh/msh.o
                                         0x32 (size before relaxing)
 .rodata.name   0x0000000000008adc       0x23 ./rtthread/components/finsh/msh.o
                0x0000000000008adc                __fsym___cmd_help_desc
                0x0000000000008af4                __fsym___cmd_help_name
 *fill*         0x0000000000008aff        0x1 
 .rodata.name   0x0000000000008b00       0x55 ./rtthread/components/finsh/msh_cmd.o
                0x0000000000008b00                __fsym___cmd_free_desc
                0x0000000000008b24                __fsym___cmd_free_name
                0x0000000000008b30                __fsym___cmd_ps_desc
                0x0000000000008b4c                __fsym___cmd_ps_name
 *fill*         0x0000000000008b55        0x3 
 .rodata.finsh_get_prompt.str1.4
                0x0000000000008b58       0x12 ./rtthread/components/finsh/shell.o
 *fill*         0x0000000000008b6a        0x2 
 .rodata.finsh_set_device.str1.4
                0x0000000000008b6c       0x20 ./rtthread/components/finsh/shell.o
 .rodata.finsh_system_init.str1.4
                0x0000000000008b8c       0x25 ./rtthread/components/finsh/shell.o
 *fill*         0x0000000000008bb1        0x3 
 .rodata.finsh_thread_entry.str1.4
                0x0000000000008bb4       0x14 ./rtthread/components/finsh/shell.o
                                         0x1b (size before relaxing)
 .rodata.shell_handle_history.str1.4
                0x0000000000008bc8        0xd ./rtthread/components/finsh/shell.o
 *fill*         0x0000000000008bd5        0x3 
 .rodata.name   0x0000000000008bd8       0x70 ./rtthread/components/drivers/misc/pin.o
                0x0000000000008bd8                __fsym_pinRead_desc
                0x0000000000008bf8                __fsym_pinRead_name
                0x0000000000008c00                __fsym_pinWrite_desc
                0x0000000000008c1c                __fsym_pinWrite_name
                0x0000000000008c28                __fsym_pinMode_desc
                0x0000000000008c40                __fsym_pinMode_name
 .rodata.rt_hw_board_init.str1.4
                0x0000000000008c48        0x6 ./rtthread/board.o
 *fill*         0x0000000000008c4e        0x2 
 .rodata._ch32_pin_ops
                0x0000000000008c50       0x18 ./drivers/drv_gpio.o
 .rodata.pin_irq_map
                0x0000000000008c68       0x80 ./drivers/drv_gpio.o
 .rodata.pins   0x0000000000008ce8      0x650 ./drivers/drv_gpio.o
 .rodata.rt_hw_pin_init.str1.4
                0x0000000000009338        0x4 ./drivers/drv_gpio.o
 .rodata.ch32_uart_ops
                0x000000000000933c       0x14 ./drivers/drv_usart.o
 .rodata.rt_hw_usart_init.str1.4
                0x0000000000009350        0x6 ./drivers/drv_usart.o
 .rodata.HardFault_Handler.str1.4
                0x0000000000009350        0xc ./User/ch32v30x_it.o
 .rodata.NMI_Handler.str1.4
                0x000000000000935c        0xf ./User/ch32v30x_it.o
 *fill*         0x000000000000936b        0x1 
 .rodata.main.cst4
                0x000000000000936c       0x24 ./User/main.o
 *fill*         0x0000000000009390        0x0 
 .rodata.main.cst8
                0x0000000000009390       0x10 ./User/main.o
 .rodata.main.str1.4
                0x00000000000093a0       0x58 ./User/main.o
                                         0x57 (size before relaxing)
 .rodata.set_freq.cst8
                0x00000000000093f8       0x10 ./User/main.o
 .rodata.update_dac_buffer.cst4
                0x0000000000009408        0x4 ./User/main.o
 *fill*         0x000000000000940c        0x4 
 .rodata.update_dac_buffer.cst8
                0x0000000000009410        0x8 ./User/main.o
 .rodata.__ieee754_rem_pio2f.cst4
                0x0000000000009418       0x24 d:/mounriver/mounriver_studio/toolchain/risc-v embedded gcc/bin/../lib/gcc/riscv-none-embed/8.2.0/../../../../riscv-none-embed/lib/rv32imafcxw/ilp32f\libm.a(lib_a-ef_rem_pio2.o)
 .rodata.npio2_hw
                0x000000000000943c       0x80 d:/mounriver/mounriver_studio/toolchain/risc-v embedded gcc/bin/../lib/gcc/riscv-none-embed/8.2.0/../../../../riscv-none-embed/lib/rv32imafcxw/ilp32f\libm.a(lib_a-ef_rem_pio2.o)
 .rodata.two_over_pi
                0x00000000000094bc      0x318 d:/mounriver/mounriver_studio/toolchain/risc-v embedded gcc/bin/../lib/gcc/riscv-none-embed/8.2.0/../../../../riscv-none-embed/lib/rv32imafcxw/ilp32f\libm.a(lib_a-ef_rem_pio2.o)
 .rodata.__kernel_cosf.cst4
                0x00000000000097d4       0x24 d:/mounriver/mounriver_studio/toolchain/risc-v embedded gcc/bin/../lib/gcc/riscv-none-embed/8.2.0/../../../../riscv-none-embed/lib/rv32imafcxw/ilp32f\libm.a(lib_a-kf_cos.o)
                                         0x28 (size before relaxing)
 .rodata.PIo2   0x00000000000097f8       0x2c d:/mounriver/mounriver_studio/toolchain/risc-v embedded gcc/bin/../lib/gcc/riscv-none-embed/8.2.0/../../../../riscv-none-embed/lib/rv32imafcxw/ilp32f\libm.a(lib_a-kf_rem_pio2.o)
 .rodata.__kernel_rem_pio2f.cst4
                0x0000000000009824       0x10 d:/mounriver/mounriver_studio/toolchain/risc-v embedded gcc/bin/../lib/gcc/riscv-none-embed/8.2.0/../../../../riscv-none-embed/lib/rv32imafcxw/ilp32f\libm.a(lib_a-kf_rem_pio2.o)
                                         0x1c (size before relaxing)
 .rodata.init_jk
                0x0000000000009834        0xc d:/mounriver/mounriver_studio/toolchain/risc-v embedded gcc/bin/../lib/gcc/riscv-none-embed/8.2.0/../../../../riscv-none-embed/lib/rv32imafcxw/ilp32f\libm.a(lib_a-kf_rem_pio2.o)
 .rodata.__kernel_sinf.cst4
                0x0000000000009840       0x1c d:/mounriver/mounriver_studio/toolchain/risc-v embedded gcc/bin/../lib/gcc/riscv-none-embed/8.2.0/../../../../riscv-none-embed/lib/rv32imafcxw/ilp32f\libm.a(lib_a-kf_sin.o)
                                         0x20 (size before relaxing)
 .rodata.floorf.cst4
                0x000000000000985c        0x8 d:/mounriver/mounriver_studio/toolchain/risc-v embedded gcc/bin/../lib/gcc/riscv-none-embed/8.2.0/../../../../riscv-none-embed/lib/rv32imafcxw/ilp32f\libm.a(lib_a-sf_floor.o)
 .rodata.scalbnf.cst4
                0x0000000000009864        0xc d:/mounriver/mounriver_studio/toolchain/risc-v embedded gcc/bin/../lib/gcc/riscv-none-embed/8.2.0/../../../../riscv-none-embed/lib/rv32imafcxw/ilp32f\libm.a(lib_a-sf_scalbn.o)
                                         0x10 (size before relaxing)
 .rodata.__divdf3
                0x0000000000009870       0x40 d:/mounriver/mounriver_studio/toolchain/risc-v embedded gcc/bin/../lib/gcc/riscv-none-embed/8.2.0/rv32imafcxw/ilp32f\libgcc.a(divdf3.o)
 .rodata.__muldf3
                0x00000000000098b0       0x40 d:/mounriver/mounriver_studio/toolchain/risc-v embedded gcc/bin/../lib/gcc/riscv-none-embed/8.2.0/rv32imafcxw/ilp32f\libgcc.a(muldf3.o)
 .rodata.__clz_tab
                0x00000000000098f0      0x100 d:/mounriver/mounriver_studio/toolchain/risc-v embedded gcc/bin/../lib/gcc/riscv-none-embed/8.2.0/rv32imafcxw/ilp32f\libgcc.a(_clz.o)
                0x00000000000098f0                __clz_tab
 *(.glue_7)
 *(.glue_7t)
 *(.gnu.linkonce.t.*)
                0x00000000000099f0                . = ALIGN (0x4)
                0x00000000000099f0                __fsymtab_start = .
 *(FSymTab)
 FSymTab        0x00000000000099f0        0xc ./rtthread/src/mem.o
                0x00000000000099f0                __fsym_list_mem
 FSymTab        0x00000000000099fc       0xfc ./rtthread/components/finsh/cmd.o
                0x00000000000099fc                __fsym_list
                0x0000000000009a08                __fsym___cmd_list_device
                0x0000000000009a14                __fsym_list_device
                0x0000000000009a20                __fsym___cmd_list_timer
                0x0000000000009a2c                __fsym_list_timer
                0x0000000000009a38                __fsym___cmd_list_msgqueue
                0x0000000000009a44                __fsym_list_msgqueue
                0x0000000000009a50                __fsym___cmd_list_mailbox
                0x0000000000009a5c                __fsym_list_mailbox
                0x0000000000009a68                __fsym___cmd_list_mutex
                0x0000000000009a74                __fsym_list_mutex
                0x0000000000009a80                __fsym___cmd_list_event
                0x0000000000009a8c                __fsym_list_event
                0x0000000000009a98                __fsym___cmd_list_sem
                0x0000000000009aa4                __fsym_list_sem
                0x0000000000009ab0                __fsym___cmd_list_thread
                0x0000000000009abc                __fsym_list_thread
                0x0000000000009ac8                __fsym___cmd_clear
                0x0000000000009ad4                __fsym_clear
                0x0000000000009ae0                __fsym___cmd_reboot
                0x0000000000009aec                __fsym_reboot
 FSymTab        0x0000000000009af8        0xc ./rtthread/components/finsh/msh.o
                0x0000000000009af8                __fsym___cmd_help
 FSymTab        0x0000000000009b04       0x18 ./rtthread/components/finsh/msh_cmd.o
                0x0000000000009b04                __fsym___cmd_free
                0x0000000000009b10                __fsym___cmd_ps
 FSymTab        0x0000000000009b1c       0x24 ./rtthread/components/drivers/misc/pin.o
                0x0000000000009b1c                __fsym_pinRead
                0x0000000000009b28                __fsym_pinWrite
                0x0000000000009b34                __fsym_pinMode
                0x0000000000009b40                __fsymtab_end = .
                0x0000000000009b40                . = ALIGN (0x4)
                0x0000000000009b40                __vsymtab_start = .
 *(VSymTab)
                0x0000000000009b40                __vsymtab_end = .
                0x0000000000009b40                . = ALIGN (0x4)
                0x0000000000009b40                . = ALIGN (0x4)
                0x0000000000009b40                __rt_init_start = .
 *(SORT_BY_NAME(.rti_fn*))
 .rti_fn.0      0x0000000000009b40        0x4 ./rtthread/src/components.o
                0x0000000000009b40                __rt_init_rti_start
 .rti_fn.0.end  0x0000000000009b44        0x4 ./rtthread/src/components.o
                0x0000000000009b44                __rt_init_rti_board_start
 .rti_fn.1      0x0000000000009b48        0x4 ./drivers/drv_gpio.o
                0x0000000000009b48                __rt_init_rt_hw_pin_init
 .rti_fn.1      0x0000000000009b4c        0x4 ./drivers/drv_usart.o
                0x0000000000009b4c                __rt_init_rt_hw_usart_init
 .rti_fn.1.end  0x0000000000009b50        0x4 ./rtthread/src/components.o
                0x0000000000009b50                __rt_init_rti_board_end
 .rti_fn.6      0x0000000000009b54        0x4 ./rtthread/components/finsh/shell.o
                0x0000000000009b54                __rt_init_finsh_system_init
 .rti_fn.6.end  0x0000000000009b58        0x4 ./rtthread/src/components.o
                0x0000000000009b58                __rt_init_rti_end
                0x0000000000009b5c                __rt_init_end = .
                0x0000000000009b5c                . = ALIGN (0x4)
                0x0000000000009b5c                . = ALIGN (0x4)
                0x0000000000009b5c                __rtmsymtab_start = .
 *(RTMSymTab)
                0x0000000000009b5c                __rtmsymtab_end = .
                0x0000000000009b5c                . = ALIGN (0x4)

.rela.dyn       0x0000000000009b5c        0x0
 .rela.text.rt_kprintf
                0x0000000000009b5c        0x0 ./rtthread/src/clock.o
 .rela.text     0x0000000000009b5c        0x0 ./rtthread/src/clock.o
 .rela.text.finsh_system_init
                0x0000000000009b5c        0x0 ./rtthread/src/clock.o
 .rela.text.rt_hw_board_init
                0x0000000000009b5c        0x0 ./rtthread/src/clock.o
 .rela.init     0x0000000000009b5c        0x0 ./rtthread/src/clock.o
 .rela.vector   0x0000000000009b5c        0x0 ./rtthread/src/clock.o
 .rela.text.handle_reset
                0x0000000000009b5c        0x0 ./rtthread/src/clock.o

.fini           0x0000000000009b5c        0x0
 *(SORT_NONE(.fini))
                0x0000000000009b5c                . = ALIGN (0x4)
                [!provide]                        PROVIDE (_etext = .)
                [!provide]                        PROVIDE (_eitcm = .)

.preinit_array  0x0000000000009b5c        0x0
                [!provide]                        PROVIDE (__preinit_array_start = .)
 *(.preinit_array)
                [!provide]                        PROVIDE (__preinit_array_end = .)

.init_array     0x0000000000009b5c        0x0
                [!provide]                        PROVIDE (__init_array_start = .)
 *(SORT_BY_INIT_PRIORITY(.init_array.*) SORT_BY_INIT_PRIORITY(.ctors.*))
 *(.init_array EXCLUDE_FILE(*crtend?.o *crtend.o *crtbegin?.o *crtbegin.o) .ctors)
                [!provide]                        PROVIDE (__init_array_end = .)

.fini_array     0x0000000000009b5c        0x0
                [!provide]                        PROVIDE (__fini_array_start = .)
 *(SORT_BY_INIT_PRIORITY(.fini_array.*) SORT_BY_INIT_PRIORITY(.dtors.*))
 *(.fini_array EXCLUDE_FILE(*crtend?.o *crtend.o *crtbegin?.o *crtbegin.o) .dtors)
                [!provide]                        PROVIDE (__fini_array_end = .)

.ctors
 *crtbegin.o(.ctors)
 *crtbegin?.o(.ctors)
 *(EXCLUDE_FILE(*crtend?.o *crtend.o) .ctors)
 *(SORT_BY_NAME(.ctors.*))
 *(.ctors)

.dtors
 *crtbegin.o(.dtors)
 *crtbegin?.o(.dtors)
 *(EXCLUDE_FILE(*crtend?.o *crtend.o) .dtors)
 *(SORT_BY_NAME(.dtors.*))
 *(.dtors)

.dalign         0x0000000020000000        0x0 load address 0x0000000000009b5c
                0x0000000020000000                . = ALIGN (0x4)
                0x0000000020000000                PROVIDE (_data_vma = .)

.dlalign        0x0000000000009b5c        0x0
                0x0000000000009b5c                . = ALIGN (0x4)
                0x0000000000009b5c                PROVIDE (_data_lma = .)

.data           0x0000000020000000      0x158 load address 0x0000000000009b5c
 *(.gnu.linkonce.r.*)
 *(.data .data.*)
 .data.rt_object_container
                0x0000000020000000       0x80 ./rtthread/src/object.o
 .data.pin_irq_hdr_tab
                0x0000000020000080       0xc0 ./drivers/drv_gpio.o
                0x0000000020000080                pin_irq_hdr_tab
 .data.APBAHBPrescTable
                0x0000000020000140       0x10 ./Peripheral/src/ch32v30x_rcc.o
 *(.gnu.linkonce.d.*)
                0x0000000020000150                . = ALIGN (0x8)
                0x0000000020000950                PROVIDE (__global_pointer$ = (. + 0x800))
 *(.sdata .sdata.*)
 .sdata.SystemCoreClock
                0x0000000020000150        0x4 ./User/system_ch32v30x.o
                0x0000000020000150                SystemCoreClock
 .sdata.ADCPrescTable
                0x0000000020000154        0x4 ./Peripheral/src/ch32v30x_rcc.o
 *(.sdata2.*)
 *(.gnu.linkonce.s.*)
                0x0000000020000158                . = ALIGN (0x8)
 *(.srodata.cst16)
 *(.srodata.cst8)
 *(.srodata.cst4)
 *(.srodata.cst2)
 *(.srodata .srodata.*)
                0x0000000020000158                . = ALIGN (0x4)
                0x0000000020000158                PROVIDE (_edata = .)

.bss            0x0000000020000158     0x1bc4 load address 0x0000000000009cb4
                0x0000000020000158                . = ALIGN (0x4)
                0x0000000020000158                PROVIDE (_sbss = .)
 *(.sbss*)
 .sbss.rt_tick  0x0000000020000158        0x4 ./rtthread/src/clock.o
 .sbss.rt_interrupt_enter_hook
                0x000000002000015c        0x4 ./rtthread/src/irq.o
 .sbss.rt_interrupt_leave_hook
                0x0000000020000160        0x4 ./rtthread/src/irq.o
 .sbss.rt_interrupt_nest
                0x0000000020000164        0x1 ./rtthread/src/irq.o
                0x0000000020000164                rt_interrupt_nest
 *fill*         0x0000000020000165        0x3 
 .sbss.__rt_errno
                0x0000000020000168        0x4 ./rtthread/src/kservice.o
 .sbss._console_device
                0x000000002000016c        0x4 ./rtthread/src/kservice.o
 .sbss.heap_end
                0x0000000020000170        0x4 ./rtthread/src/mem.o
 .sbss.heap_ptr
                0x0000000020000174        0x4 ./rtthread/src/mem.o
 .sbss.lfree    0x0000000020000178        0x4 ./rtthread/src/mem.o
 .sbss.max_mem  0x000000002000017c        0x4 ./rtthread/src/mem.o
 .sbss.mem_size_aligned
                0x0000000020000180        0x4 ./rtthread/src/mem.o
 .sbss.rt_free_hook
                0x0000000020000184        0x4 ./rtthread/src/mem.o
 .sbss.rt_malloc_hook
                0x0000000020000188        0x4 ./rtthread/src/mem.o
 .sbss.used_mem
                0x000000002000018c        0x4 ./rtthread/src/mem.o
 .sbss.rt_object_attach_hook
                0x0000000020000190        0x4 ./rtthread/src/object.o
 .sbss.rt_object_detach_hook
                0x0000000020000194        0x4 ./rtthread/src/object.o
 .sbss.rt_object_put_hook
                0x0000000020000198        0x4 ./rtthread/src/object.o
                0x0000000020000198                rt_object_put_hook
 .sbss.rt_object_take_hook
                0x000000002000019c        0x4 ./rtthread/src/object.o
                0x000000002000019c                rt_object_take_hook
 .sbss.rt_object_trytake_hook
                0x00000000200001a0        0x4 ./rtthread/src/object.o
                0x00000000200001a0                rt_object_trytake_hook
 .sbss.rt_current_priority
                0x00000000200001a4        0x1 ./rtthread/src/scheduler.o
                0x00000000200001a4                rt_current_priority
 *fill*         0x00000000200001a5        0x3 
 .sbss.rt_current_thread
                0x00000000200001a8        0x4 ./rtthread/src/scheduler.o
                0x00000000200001a8                rt_current_thread
 .sbss.rt_scheduler_hook
                0x00000000200001ac        0x4 ./rtthread/src/scheduler.o
 .sbss.rt_scheduler_lock_nest
                0x00000000200001b0        0x2 ./rtthread/src/scheduler.o
 *fill*         0x00000000200001b2        0x2 
 .sbss.rt_thread_defunct
                0x00000000200001b4        0x8 ./rtthread/src/scheduler.o
                0x00000000200001b4                rt_thread_defunct
 .sbss.rt_thread_ready_priority_group
                0x00000000200001bc        0x4 ./rtthread/src/scheduler.o
                0x00000000200001bc                rt_thread_ready_priority_group
 .sbss.rt_thread_inited_hook
                0x00000000200001c0        0x4 ./rtthread/src/thread.o
 .sbss.rt_thread_resume_hook
                0x00000000200001c4        0x4 ./rtthread/src/thread.o
 .sbss.rt_thread_suspend_hook
                0x00000000200001c8        0x4 ./rtthread/src/thread.o
 .sbss.random_nr.2485
                0x00000000200001cc        0x4 ./rtthread/src/timer.o
 .sbss.rt_timer_enter_hook
                0x00000000200001d0        0x4 ./rtthread/src/timer.o
 .sbss.rt_timer_exit_hook
                0x00000000200001d4        0x4 ./rtthread/src/timer.o
 .sbss.rt_timer_list
                0x00000000200001d8        0x8 ./rtthread/src/timer.o
 .sbss.rt_interrupt_from_thread
                0x00000000200001e0        0x4 ./rtthread/libcpu/risc-v/common/cpuport.o
                0x00000000200001e0                rt_interrupt_from_thread
 .sbss.rt_interrupt_to_thread
                0x00000000200001e4        0x4 ./rtthread/libcpu/risc-v/common/cpuport.o
                0x00000000200001e4                rt_interrupt_to_thread
 .sbss.rt_thread_switch_interrupt_flag
                0x00000000200001e8        0x4 ./rtthread/libcpu/risc-v/common/cpuport.o
                0x00000000200001e8                rt_thread_switch_interrupt_flag
 .sbss.shell    0x00000000200001ec        0x4 ./rtthread/components/finsh/shell.o
                0x00000000200001ec                shell
 .sbss._syscall_table_begin
                0x00000000200001f0        0x4 ./rtthread/components/finsh/symbol.o
                0x00000000200001f0                _syscall_table_begin
 .sbss._syscall_table_end
                0x00000000200001f4        0x4 ./rtthread/components/finsh/symbol.o
                0x00000000200001f4                _syscall_table_end
 .sbss._sysvar_table_begin
                0x00000000200001f8        0x4 ./rtthread/components/finsh/symbol.o
                0x00000000200001f8                _sysvar_table_begin
 .sbss._sysvar_table_end
                0x00000000200001fc        0x4 ./rtthread/components/finsh/symbol.o
                0x00000000200001fc                _sysvar_table_end
 .sbss.adc_count
                0x0000000020000200        0x4 ./User/main.o
                0x0000000020000200                adc_count
 .sbss.full_count
                0x0000000020000204        0x4 ./User/main.o
                0x0000000020000204                full_count
 .sbss.half_count
                0x0000000020000208        0x4 ./User/main.o
                0x0000000020000208                half_count
 .sbss.NVIC_Priority_Group
                0x000000002000020c        0x4 ./Peripheral/src/ch32v30x_misc.o
                0x000000002000020c                NVIC_Priority_Group
 *(.gnu.linkonce.sb.*)
 *(.bss*)
 .bss.idle      0x0000000020000210       0x80 ./rtthread/src/idle.o
 .bss.idle_hook_list
                0x0000000020000290       0x10 ./rtthread/src/idle.o
 .bss.rt_thread_stack
                0x00000000200002a0      0x200 ./rtthread/src/idle.o
 .bss.rt_log_buf.2695
                0x00000000200004a0       0x80 ./rtthread/src/kservice.o
 .bss.heap_sem  0x0000000020000520       0x20 ./rtthread/src/mem.o
 .bss.rt_thread_priority_table
                0x0000000020000540       0x80 ./rtthread/src/scheduler.o
                0x0000000020000540                rt_thread_priority_table
 .bss.finsh_prompt.4317
                0x00000000200005c0       0x81 ./rtthread/components/finsh/shell.o
 *fill*         0x0000000020000641        0x3 
 .bss._hw_pin   0x0000000020000644       0x48 ./rtthread/components/drivers/misc/pin.o
 .bss.rt_heap   0x000000002000068c     0x1000 ./rtthread/board.o
 .bss.serial1   0x000000002000168c       0x58 ./drivers/drv_usart.o
                0x000000002000168c                serial1
 .bss.uart1     0x00000000200016e4       0x18 ./drivers/drv_usart.o
                0x00000000200016e4                uart1
 .bss.adc_buffer
                0x00000000200016fc      0x300 ./User/main.o
                0x00000000200016fc                adc_buffer
 .bss.dac_buffer
                0x00000000200019fc      0x300 ./User/main.o
                0x00000000200019fc                dac_buffer
 .bss.osc       0x0000000020001cfc       0x20 ./User/main.o
                0x0000000020001cfc                osc
 *(.gnu.linkonce.b.*)
 *(COMMON*)
                0x0000000020001d1c                . = ALIGN (0x4)
                0x0000000020001d1c                PROVIDE (_ebss = .)
                0x0000000020001d1c                PROVIDE (_end = _ebss)
                [!provide]                        PROVIDE (end = .)

.stack          0x000000002000f800      0x800
                0x000000002000f800                PROVIDE (_heap_end = .)
                0x000000002000f800                . = ALIGN (0x4)
                [!provide]                        PROVIDE (_susrstack = .)
                0x0000000020010000                . = (. + __stack_size)
 *fill*         0x000000002000f800      0x800 
                0x0000000020010000                PROVIDE (_eusrstack = .)
OUTPUT(test2.elf elf32-littleriscv)

.debug_info     0x0000000000000000    0x28b9a
 .debug_info    0x0000000000000000      0x4eb ./rtthread/src/clock.o
 .debug_info    0x00000000000004eb      0x65d ./rtthread/src/components.o
 .debug_info    0x0000000000000b48      0xb18 ./rtthread/src/device.o
 .debug_info    0x0000000000001660      0x7e0 ./rtthread/src/idle.o
 .debug_info    0x0000000000001e40     0x275f ./rtthread/src/ipc.o
 .debug_info    0x000000000000459f      0x22c ./rtthread/src/irq.o
 .debug_info    0x00000000000047cb     0x15dd ./rtthread/src/kservice.o
 .debug_info    0x0000000000005da8     0x130c ./rtthread/src/mem.o
 .debug_info    0x00000000000070b4      0x941 ./rtthread/src/object.o
 .debug_info    0x00000000000079f5      0x85b ./rtthread/src/scheduler.o
 .debug_info    0x0000000000008250     0x1267 ./rtthread/src/thread.o
 .debug_info    0x00000000000094b7      0xd3c ./rtthread/src/timer.o
 .debug_info    0x000000000000a1f3       0x26 ./rtthread/libcpu/risc-v/common/context_gcc.o
 .debug_info    0x000000000000a219      0xf90 ./rtthread/libcpu/risc-v/common/cpuport.o
 .debug_info    0x000000000000b1a9       0x26 ./rtthread/libcpu/risc-v/common/interrupt_gcc.o
 .debug_info    0x000000000000b1cf     0x2c97 ./rtthread/components/finsh/cmd.o
 .debug_info    0x000000000000de66     0x1137 ./rtthread/components/finsh/msh.o
 .debug_info    0x000000000000ef9d      0xc79 ./rtthread/components/finsh/msh_cmd.o
 .debug_info    0x000000000000fc16     0x1b29 ./rtthread/components/finsh/shell.o
 .debug_info    0x000000000001173f      0xac8 ./rtthread/components/finsh/symbol.o
 .debug_info    0x0000000000012207      0xe7e ./rtthread/components/drivers/serial/serial.o
 .debug_info    0x0000000000013085     0x1570 ./rtthread/components/drivers/misc/pin.o
 .debug_info    0x00000000000145f5     0x10a6 ./rtthread/board.o
 .debug_info    0x000000000001569b     0x22de ./drivers/drv_gpio.o
 .debug_info    0x0000000000017979     0x1bb6 ./drivers/drv_usart.o
 .debug_info    0x000000000001952f      0xa5b ./User/ch32v30x_it.o
 .debug_info    0x0000000000019f8a     0x216e ./User/main.o
 .debug_info    0x000000000001c0f8      0xb63 ./User/system_ch32v30x.o
 .debug_info    0x000000000001cc5b       0x22 ./Startup/startup_ch32v30x.o
 .debug_info    0x000000000001cc7d     0x16ed ./Peripheral/src/ch32v30x_adc.o
 .debug_info    0x000000000001e36a      0xdbd ./Peripheral/src/ch32v30x_dac.o
 .debug_info    0x000000000001f127      0xd13 ./Peripheral/src/ch32v30x_dma.o
 .debug_info    0x000000000001fe3a      0xc0d ./Peripheral/src/ch32v30x_exti.o
 .debug_info    0x0000000000020a47     0x1093 ./Peripheral/src/ch32v30x_gpio.o
 .debug_info    0x0000000000021ada      0xf6a ./Peripheral/src/ch32v30x_misc.o
 .debug_info    0x0000000000022a44     0x155d ./Peripheral/src/ch32v30x_rcc.o
 .debug_info    0x0000000000023fa1     0x2a16 ./Peripheral/src/ch32v30x_tim.o
 .debug_info    0x00000000000269b7     0x1420 ./Peripheral/src/ch32v30x_usart.o
 .debug_info    0x0000000000027dd7      0xdc3 ./Peripheral/src/systick.o

.debug_abbrev   0x0000000000000000     0x7457
 .debug_abbrev  0x0000000000000000      0x1c4 ./rtthread/src/clock.o
 .debug_abbrev  0x00000000000001c4      0x20c ./rtthread/src/components.o
 .debug_abbrev  0x00000000000003d0      0x304 ./rtthread/src/device.o
 .debug_abbrev  0x00000000000006d4      0x2d9 ./rtthread/src/idle.o
 .debug_abbrev  0x00000000000009ad      0x3c6 ./rtthread/src/ipc.o
 .debug_abbrev  0x0000000000000d73      0x14d ./rtthread/src/irq.o
 .debug_abbrev  0x0000000000000ec0      0x413 ./rtthread/src/kservice.o
 .debug_abbrev  0x00000000000012d3      0x3d1 ./rtthread/src/mem.o
 .debug_abbrev  0x00000000000016a4      0x2e0 ./rtthread/src/object.o
 .debug_abbrev  0x0000000000001984      0x2af ./rtthread/src/scheduler.o
 .debug_abbrev  0x0000000000001c33      0x332 ./rtthread/src/thread.o
 .debug_abbrev  0x0000000000001f65      0x3d7 ./rtthread/src/timer.o
 .debug_abbrev  0x000000000000233c       0x14 ./rtthread/libcpu/risc-v/common/context_gcc.o
 .debug_abbrev  0x0000000000002350      0x322 ./rtthread/libcpu/risc-v/common/cpuport.o
 .debug_abbrev  0x0000000000002672       0x14 ./rtthread/libcpu/risc-v/common/interrupt_gcc.o
 .debug_abbrev  0x0000000000002686      0x4ce ./rtthread/components/finsh/cmd.o
 .debug_abbrev  0x0000000000002b54      0x3fb ./rtthread/components/finsh/msh.o
 .debug_abbrev  0x0000000000002f4f      0x25c ./rtthread/components/finsh/msh_cmd.o
 .debug_abbrev  0x00000000000031ab      0x517 ./rtthread/components/finsh/shell.o
 .debug_abbrev  0x00000000000036c2      0x1ce ./rtthread/components/finsh/symbol.o
 .debug_abbrev  0x0000000000003890      0x3eb ./rtthread/components/drivers/serial/serial.o
 .debug_abbrev  0x0000000000003c7b      0x363 ./rtthread/components/drivers/misc/pin.o
 .debug_abbrev  0x0000000000003fde      0x31f ./rtthread/board.o
 .debug_abbrev  0x00000000000042fd      0x461 ./drivers/drv_gpio.o
 .debug_abbrev  0x000000000000475e      0x423 ./drivers/drv_usart.o
 .debug_abbrev  0x0000000000004b81      0x211 ./User/ch32v30x_it.o
 .debug_abbrev  0x0000000000004d92      0x481 ./User/main.o
 .debug_abbrev  0x0000000000005213      0x2c0 ./User/system_ch32v30x.o
 .debug_abbrev  0x00000000000054d3       0x12 ./Startup/startup_ch32v30x.o
 .debug_abbrev  0x00000000000054e5      0x3a9 ./Peripheral/src/ch32v30x_adc.o
 .debug_abbrev  0x000000000000588e      0x2fe ./Peripheral/src/ch32v30x_dac.o
 .debug_abbrev  0x0000000000005b8c      0x2fd ./Peripheral/src/ch32v30x_dma.o
 .debug_abbrev  0x0000000000005e89      0x2da ./Peripheral/src/ch32v30x_exti.o
 .debug_abbrev  0x0000000000006163      0x309 ./Peripheral/src/ch32v30x_gpio.o
 .debug_abbrev  0x000000000000646c      0x2d9 ./Peripheral/src/ch32v30x_misc.o
 .debug_abbrev  0x0000000000006745      0x351 ./Peripheral/src/ch32v30x_rcc.o
 .debug_abbrev  0x0000000000006a96      0x408 ./Peripheral/src/ch32v30x_tim.o
 .debug_abbrev  0x0000000000006e9e      0x312 ./Peripheral/src/ch32v30x_usart.o
 .debug_abbrev  0x00000000000071b0      0x2a7 ./Peripheral/src/systick.o

.debug_loc      0x0000000000000000     0xc45c
 .debug_loc     0x0000000000000000       0xa9 ./rtthread/src/clock.o
 .debug_loc     0x00000000000000a9       0x8a ./rtthread/src/components.o
 .debug_loc     0x0000000000000133      0x687 ./rtthread/src/device.o
 .debug_loc     0x00000000000007ba      0x231 ./rtthread/src/idle.o
 .debug_loc     0x00000000000009eb     0x18fb ./rtthread/src/ipc.o
 .debug_loc     0x00000000000022e6       0x3e ./rtthread/src/irq.o
 .debug_loc     0x0000000000002324     0x181a ./rtthread/src/kservice.o
 .debug_loc     0x0000000000003b3e      0x4c3 ./rtthread/src/mem.o
 .debug_loc     0x0000000000004001      0x3be ./rtthread/src/object.o
 .debug_loc     0x00000000000043bf      0x1ee ./rtthread/src/scheduler.o
 .debug_loc     0x00000000000045ad      0x7c1 ./rtthread/src/thread.o
 .debug_loc     0x0000000000004d6e      0x66e ./rtthread/src/timer.o
 .debug_loc     0x00000000000053dc      0x100 ./rtthread/libcpu/risc-v/common/cpuport.o
 .debug_loc     0x00000000000054dc      0x771 ./rtthread/components/finsh/cmd.o
 .debug_loc     0x0000000000005c4d      0x50b ./rtthread/components/finsh/msh.o
 .debug_loc     0x0000000000006158       0xa5 ./rtthread/components/finsh/msh_cmd.o
 .debug_loc     0x00000000000061fd      0x218 ./rtthread/components/finsh/shell.o
 .debug_loc     0x0000000000006415      0xa4c ./rtthread/components/drivers/serial/serial.o
 .debug_loc     0x0000000000006e61      0x74d ./rtthread/components/drivers/misc/pin.o
 .debug_loc     0x00000000000075ae       0x9a ./rtthread/board.o
 .debug_loc     0x0000000000007648      0x5da ./drivers/drv_gpio.o
 .debug_loc     0x0000000000007c22      0x256 ./drivers/drv_usart.o
 .debug_loc     0x0000000000007e78      0x297 ./User/main.o
 .debug_loc     0x000000000000810f       0xe5 ./User/system_ch32v30x.o
 .debug_loc     0x00000000000081f4      0xa67 ./Peripheral/src/ch32v30x_adc.o
 .debug_loc     0x0000000000008c5b      0x23b ./Peripheral/src/ch32v30x_dac.o
 .debug_loc     0x0000000000008e96      0x19a ./Peripheral/src/ch32v30x_dma.o
 .debug_loc     0x0000000000009030      0x181 ./Peripheral/src/ch32v30x_exti.o
 .debug_loc     0x00000000000091b1      0x670 ./Peripheral/src/ch32v30x_gpio.o
 .debug_loc     0x0000000000009821       0xce ./Peripheral/src/ch32v30x_misc.o
 .debug_loc     0x00000000000098ef      0xa54 ./Peripheral/src/ch32v30x_rcc.o
 .debug_loc     0x000000000000a343     0x195e ./Peripheral/src/ch32v30x_tim.o
 .debug_loc     0x000000000000bca1      0x7bb ./Peripheral/src/ch32v30x_usart.o

.debug_aranges  0x0000000000000000     0x1488
 .debug_aranges
                0x0000000000000000       0x40 ./rtthread/src/clock.o
 .debug_aranges
                0x0000000000000040       0x50 ./rtthread/src/components.o
 .debug_aranges
                0x0000000000000090       0x88 ./rtthread/src/device.o
 .debug_aranges
                0x0000000000000118       0x48 ./rtthread/src/idle.o
 .debug_aranges
                0x0000000000000160      0x158 ./rtthread/src/ipc.o
 .debug_aranges
                0x00000000000002b8       0x40 ./rtthread/src/irq.o
 .debug_aranges
                0x00000000000002f8      0x100 ./rtthread/src/kservice.o
 .debug_aranges
                0x00000000000003f8       0x68 ./rtthread/src/mem.o
 .debug_aranges
                0x0000000000000460       0x88 ./rtthread/src/object.o
 .debug_aranges
                0x00000000000004e8       0x60 ./rtthread/src/scheduler.o
 .debug_aranges
                0x0000000000000548       0xb8 ./rtthread/src/thread.o
 .debug_aranges
                0x0000000000000600       0x88 ./rtthread/src/timer.o
 .debug_aranges
                0x0000000000000688       0x20 ./rtthread/libcpu/risc-v/common/context_gcc.o
 .debug_aranges
                0x00000000000006a8       0x50 ./rtthread/libcpu/risc-v/common/cpuport.o
 .debug_aranges
                0x00000000000006f8       0x20 ./rtthread/libcpu/risc-v/common/interrupt_gcc.o
 .debug_aranges
                0x0000000000000718       0x90 ./rtthread/components/finsh/cmd.o
 .debug_aranges
                0x00000000000007a8       0x38 ./rtthread/components/finsh/msh.o
 .debug_aranges
                0x00000000000007e0       0x30 ./rtthread/components/finsh/msh_cmd.o
 .debug_aranges
                0x0000000000000810       0x70 ./rtthread/components/finsh/shell.o
 .debug_aranges
                0x0000000000000880       0x18 ./rtthread/components/finsh/symbol.o
 .debug_aranges